Component: ARM Compiler 5.05 update 1 (build 106) Tool: armlink [4d0efa]

==============================================================================

Section Cross References

    stm32f4xx_adc.o(.text) refers to stm32f4xx_rcc.o(.text) for RCC_APB2PeriphResetCmd
    stm32f4xx_gpio.o(.text) refers to stm32f4xx_rcc.o(.text) for RCC_AHB1PeriphResetCmd
    stm32f4xx_rcc.o(.text) refers to stm32f4xx_rcc.o(.data) for APBAHBPrescTable
    stm32f4xx_spi.o(.text) refers to stm32f4xx_rcc.o(.text) for RCC_APB2PeriphResetCmd
    stm32f4xx_syscfg.o(.text) refers to stm32f4xx_rcc.o(.text) for RCC_APB2PeriphResetCmd
    stm32f4xx_tim.o(.text) refers to stm32f4xx_rcc.o(.text) for RCC_APB2PeriphResetCmd
    stm32f4xx_usart.o(.text) refers to stm32f4xx_rcc.o(.text) for RCC_APB2PeriphResetCmd
    main.o(.text) refers to _printf_percent.o(.ARM.Collect$$_printf_percent$$00000000) for _printf_percent
    main.o(.text) refers to _printf_d.o(.ARM.Collect$$_printf_percent$$00000009) for _printf_d
    main.o(.text) refers to _printf_dec.o(.text) for _printf_int_dec
    main.o(.text) refers to rt_memclr.o(.text) for __aeabi_memclr
    main.o(.text) refers to aeabi_memset.o(.text) for __aeabi_memset
    main.o(.text) refers to main.o(.bss) for vectorH
    main.o(.text) refers to main.o(.data) for x
    main.o(.text) refers to sensor_function.o(.data) for DLSensor
    main.o(.text) refers to dflt_clz.o(x$fpl$dflt) for __aeabi_i2d
    main.o(.text) refers to dmul.o(x$fpl$dmul) for __aeabi_dmul
    main.o(.text) refers to daddsub_clz.o(x$fpl$dadd) for __aeabi_dadd
    main.o(.text) refers to daddsub_clz.o(x$fpl$dsub) for __aeabi_dsub
    main.o(.text) refers to dfix.o(x$fpl$dfix) for __aeabi_d2iz
    main.o(.text) refers to pwm.o(.text) for setLeftPwm
    main.o(.text) refers to matrixdisplay.o(.text) for displayMatrix
    main.o(.text) refers to delay.o(.text) for delay_ms
    main.o(.text) refers to noretval__2printf.o(.text) for __2printf
    main.o(.text) refers to encoder.o(.text) for resetRightEncCount
    main.o(.text) refers to sensor_function.o(.text) for readGyro
    main.o(.text) refers to led.o(.text) for LED_Configuration
    main.o(.text) refers to button.o(.text) for button_Configuration
    main.o(.text) refers to usart.o(.text) for usart1_Configuration
    main.o(.text) refers to spi.o(.text) for SPI_Configuration
    main.o(.text) refers to buzzer.o(.text) for buzzer_Configuration
    main.o(.text) refers to adc.o(.text) for ADC_Config
    main.o(.text) refers to main.o(.conststring) for .conststring
    stm32f4xx_it.o(.text) refers to main.o(.text) for systick
    stm32f4xx_it.o(.text) refers to stm32f4xx_exti.o(.text) for EXTI_GetITStatus
    stm32f4xx_it.o(.text) refers to delay.o(.text) for delay_ms
    stm32f4xx_it.o(.text) refers to delay.o(.data) for Millis
    stm32f4xx_it.o(.text) refers to buzzer.o(.data) for buzzerTime
    delay.o(.text) refers to system_stm32f4xx.o(.text) for SystemInit
    delay.o(.text) refers to misc.o(.text) for NVIC_PriorityGroupConfig
    delay.o(.text) refers to system_stm32f4xx.o(.data) for SystemCoreClock
    delay.o(.text) refers to delay.o(.data) for Millis
    led.o(.text) refers to stm32f4xx_rcc.o(.text) for RCC_AHB1PeriphClockCmd
    led.o(.text) refers to stm32f4xx_gpio.o(.text) for GPIO_Init
    button.o(.text) refers to stm32f4xx_rcc.o(.text) for RCC_APB2PeriphClockCmd
    button.o(.text) refers to stm32f4xx_syscfg.o(.text) for SYSCFG_EXTILineConfig
    button.o(.text) refers to stm32f4xx_gpio.o(.text) for GPIO_Init
    button.o(.text) refers to stm32f4xx_exti.o(.text) for EXTI_Init
    button.o(.text) refers to misc.o(.text) for NVIC_Init
    usart.o(.rev16_text) refers (Special) to use_no_semi_2.o(.text) for __use_no_semihosting
    usart.o(.revsh_text) refers (Special) to use_no_semi_2.o(.text) for __use_no_semihosting
    usart.o(.text) refers (Special) to use_no_semi_2.o(.text) for __use_no_semihosting
    usart.o(.text) refers to _printf_percent.o(.ARM.Collect$$_printf_percent$$00000000) for _printf_percent
    usart.o(.text) refers to _printf_c.o(.ARM.Collect$$_printf_percent$$00000013) for _printf_c
    usart.o(.text) refers to _printf_str.o(.text) for _printf_str
    usart.o(.text) refers to _printf_d.o(.ARM.Collect$$_printf_percent$$00000009) for _printf_d
    usart.o(.text) refers to _printf_dec.o(.text) for _printf_int_dec
    usart.o(.text) refers to _printf_s.o(.ARM.Collect$$_printf_percent$$00000014) for _printf_s
    usart.o(.text) refers to _scanf_str.o(.text) for _scanf_string
    usart.o(.text) refers to _scanf_int.o(.text) for _scanf_int
    usart.o(.text) refers to stm32f4xx_rcc.o(.text) for RCC_AHB1PeriphClockCmd
    usart.o(.text) refers to stm32f4xx_gpio.o(.text) for GPIO_PinAFConfig
    usart.o(.text) refers to stm32f4xx_usart.o(.text) for USART_OverSampling8Cmd
    usart.o(.text) refers to noretval__2printf.o(.text) for __2printf
    usart.o(.text) refers to __0scanf.o(.text) for __0scanf
[...]
    __initial_sp                             0x20002a50   Data           0  startup_stm32f4xx.o(STACK)

    Global Symbols

    Symbol Name                              Value     Ov Type        Size  Object(Section)

    BuildAttributes$$THM_ISAv4$E$P$D$K$B$S$7EM$VFPi3$EXTD16$VFPS$VFMA$PE$A:L22UL41UL21$X:L11$S22US41US21$IEEE1$IW$USESV6$~STKCKD$USESV7$~SHL$OTIME$ROPI$IEEEJ$EBA8$UX$STANDARDLIB$REQ8$PRES8$EABIv2 0x00000000   Number         0  anon$$obj.o ABSOLUTE
    __ARM_use_no_argv                        0x00000000   Number         0  main.o ABSOLUTE
    _printf_flags                            0x00000000   Number         0  printf_stubs.o ABSOLUTE
    _printf_return_value                     0x00000000   Number         0  printf_stubs.o ABSOLUTE
    _printf_sizespec                         0x00000000   Number         0  printf_stubs.o ABSOLUTE
    _printf_widthprec                        0x00000000   Number         0  printf_stubs.o ABSOLUTE
    __ARM_exceptions_init                     - Undefined Weak Reference
    __alloca_initialize                       - Undefined Weak Reference
    __arm_preinit_                            - Undefined Weak Reference
    __cpp_initialize__aeabi_                  - Undefined Weak Reference
    __cxa_finalize                            - Undefined Weak Reference
    __sigvec_lookup                           - Undefined Weak Reference
    _atexit_init                              - Undefined Weak Reference
    _call_atexit_fns                          - Undefined Weak Reference
    _clock_init                               - Undefined Weak Reference
    _fp_trap_init                             - Undefined Weak Reference
    _fp_trap_shutdown                         - Undefined Weak Reference
    _get_lc_collate                           - Undefined Weak Reference
    _get_lc_monetary                          - Undefined Weak Reference
    _get_lc_time                              - Undefined Weak Reference
    _getenv_init                              - Undefined Weak Reference
    _handle_redirection                       - Undefined Weak Reference
    _init_alloc                               - Undefined Weak Reference
    _init_user_alloc                          - Undefined Weak Reference
    _initio                                   - Undefined Weak Reference
    _mutex_acquire                            - Undefined Weak Reference
    _mutex_release                            - Undefined Weak Reference
    _printf_mbtowc                            - Undefined Weak Reference
    _printf_truncate_signed                   - Undefined Weak Reference
    _printf_truncate_unsigned                 - Undefined Weak Reference
    _rand_init                                - Undefined Weak Reference
    _scanf_longlong                           - Undefined Weak Reference
    _scanf_mbtowc                             - Undefined Weak Reference
    _scanf_real                               - Undefined Weak Reference
    _scanf_wctomb                             - Undefined Weak Reference
    _scanf_wstring                            - Undefined Weak Reference
    _signal_finish                            - Undefined Weak Reference
    _signal_init                              - Undefined Weak Reference
    _terminate_alloc                          - Undefined Weak Reference
    _terminate_user_alloc                     - Undefined Weak Reference
    _terminateio                              - Undefined Weak Reference
    __Vectors_Size                           0x00000188   Number         0  startup_stm32f4xx.o ABSOLUTE
    __Vectors                                0x08000000   Data           4  startup_stm32f4xx.o(RESET)
    __Vectors_End                            0x08000188   Data           0  startup_stm32f4xx.o(RESET)
    __main                                   0x08000189   Thumb Code     8  __main.o(!!!main)
    __scatterload                            0x08000191   Thumb Code     0  __scatter.o(!!!scatter)
    __scatterload_rt2                        0x08000191   Thumb Code    44  __scatter.o(!!!scatter)
    __scatterload_rt2_thumb_only             0x08000191   Thumb Code     0  __scatter.o(!!!scatter)
    __scatterload_null                       0x0800019f   Thumb Code     0  __scatter.o(!!!scatter)
    __scatterload_copy                       0x080001c5   Thumb Code    26  __scatter_copy.o(!!handler_copy)
    __scatterload_zeroinit                   0x080001e1   Thumb Code    28  __scatter_zi.o(!!handler_zi)
    _printf_f                                0x080001fd   Thumb Code     0  _printf_f.o(.ARM.Collect$$_printf_percent$$00000003)
    _printf_percent                          0x080001fd   Thumb Code     0  _printf_percent.o(.ARM.Collect$$_printf_percent$$00000000)
    _printf_d                                0x08000203   Thumb Code     0  _printf_d.o(.ARM.Collect$$_printf_percent$$00000009)
    _printf_c                                0x08000209   Thumb Code     0  _printf_c.o(.ARM.Collect$$_printf_percent$$00000013)
    _printf_s                                0x0800020f   Thumb Code     0  _printf_s.o(.ARM.Collect$$_printf_percent$$00000014)
    _printf_percent_end                      0x08000215   Thumb Code     0  _printf_percent_end.o(.ARM.Collect$$_printf_percent$$00000017)
    __rt_lib_init                            0x08000219   Thumb Code     0  libinit.o(.ARM.Collect$$libinit$$00000000)
    __rt_lib_init_fp_1                       0x0800021b   Thumb Code     0  libinit2.o(.ARM.Collect$$libinit$$00000001)
    __rt_lib_init_heap_1                     0x0800021f   Thumb Code     0  libinit2.o(.ARM.Collect$$libinit$$0000000A)
    __rt_lib_init_lc_common                  0x0800021f   Thumb Code     0  libinit2.o(.ARM.Collect$$libinit$$0000000F)
    __rt_lib_init_preinit_1                  0x0800021f   Thumb Code     0  libinit2.o(.ARM.Collect$$libinit$$00000004)
    __rt_lib_init_rand_1                     0x0800021f   Thumb Code     0  libinit2.o(.ARM.Collect$$libinit$$0000000E)
    __rt_lib_init_user_alloc_1               0x0800021f   Thumb Code     0  libinit2.o(.ARM.Collect$$libinit$$0000000C)
    __rt_lib_init_lc_collate_1               0x08000225   Thumb Code     0  libinit2.o(.ARM.Collect$$libinit$$00000011)
    __rt_lib_init_lc_ctype_2                 0x08000225   Thumb Code     0  libinit2.o(.ARM.Collect$$libinit$$00000012)
    __rt_lib_init_lc_ctype_1                 0x08000231   Thumb Code     0  libinit2.o(.ARM.Collect$$libinit$$00000013)
    __rt_lib_init_lc_monetary_1              0x08000231   Thumb Code     0  libinit2.o(.ARM.Collect$$libinit$$00000015)
    __rt_lib_init_lc_numeric_2               0x08000231   Thumb Code     0  libinit2.o(.ARM.Collect$$libinit$$00000016)
    __rt_lib_init_alloca_1                   0x0800023b   Thumb Code     0  libinit2.o(.ARM.Collect$$libinit$$0000002E)
    __rt_lib_init_argv_1                     0x0800023b   Thumb Code     0  libinit2.o(.ARM.Collect$$libinit$$0000002C)
    __rt_lib_init_atexit_1                   0x0800023b   Thumb Code     0  libinit2.o(.ARM.Collect$$libinit$$0000001B)
    __rt_lib_init_clock_1                    0x0800023b   Thumb Code     0  libinit2.o(.ARM.Collect$$libinit$$00000021)
    __rt_lib_init_cpp_1                      0x0800023b   Thumb Code     0  libinit2.o(.ARM.Collect$$libinit$$00000032)
    __rt_lib_init_exceptions_1               0x0800023b   Thumb Code     0  libinit2.o(.ARM.Collect$$libinit$$00000030)
    __rt_lib_init_fp_trap_1                  0x0800023b   Thumb Code     0  libinit2.o(.ARM.Collect$$libinit$$0000001F)
    __rt_lib_init_getenv_1                   0x0800023b   Thumb Code     0  libinit2.o(.ARM.Collect$$libinit$$00000023)
    __rt_lib_init_lc_numeric_1               0x0800023b   Thumb Code     0  libinit2.o(.ARM.Collect$$libinit$$00000017)
    __rt_lib_init_lc_time_1                  0x0800023b   Thumb Code     0  libinit2.o(.ARM.Collect$$libinit$$00000019)
    __rt_lib_init_return                     0x0800023b   Thumb Code     0  libinit2.o(.ARM.Collect$$libinit$$00000033)
    __rt_lib_init_signal_1                   0x0800023b   Thumb Code     0  libinit2.o(.ARM.Collect$$libinit$$0000001D)
    __rt_lib_init_stdio_1                    0x0800023b   Thumb Code     0  libinit2.o(.ARM.Collect$$libinit$$00000025)
    __rt_lib_shutdown                        0x0800023d   Thumb Code     0  libshutdown.o(.ARM.Collect$$libshutdown$$00000000)
    __rt_lib_shutdown_fp_trap_1              0x0800023f   Thumb Code     0  libshutdown2.o(.ARM.Collect$$libshutdown$$00000006)
    __rt_lib_shutdown_heap_1                 0x0800023f   Thumb Code     0  libshutdown2.o(.ARM.Collect$$libshutdown$$0000000E)
    __rt_lib_shutdown_return                 0x0800023f   Thumb Code     0  libshutdown2.o(.ARM.Collect$$libshutdown$$0000000F)
    __rt_lib_shutdown_signal_1               0x0800023f   Thumb Code     0  libshutdown2.o(.ARM.Collect$$libshutdown$$00000009)
    __rt_lib_shutdown_stdio_1                0x0800023f   Thumb Code     0  libshutdown2.o(.ARM.Collect$$libshutdown$$00000003)
    __rt_lib_shutdown_user_alloc_1           0x0800023f   Thumb Code     0  libshutdown2.o(.ARM.Collect$$libshutdown$$0000000B)
    __rt_entry                               0x08000241   Thumb Code     0  __rtentry.o(.ARM.Collect$$rtentry$$00000000)
    __rt_entry_presh_1                       0x08000241   Thumb Code     0  __rtentry2.o(.ARM.Collect$$rtentry$$00000002)
    __rt_entry_sh                            0x08000241   Thumb Code     0  __rtentry4.o(.ARM.Collect$$rtentry$$00000004)
    __rt_entry_li                            0x08000247   Thumb Code     0  __rtentry2.o(.ARM.Collect$$rtentry$$0000000A)
    __rt_entry_postsh_1                      0x08000247   Thumb Code     0  __rtentry2.o(.ARM.Collect$$rtentry$$00000009)
    __rt_entry_main                          0x0800024b   Thumb Code     0  __rtentry2.o(.ARM.Collect$$rtentry$$0000000D)
    __rt_entry_postli_1                      0x0800024b   Thumb Code     0  __rtentry2.o(.ARM.Collect$$rtentry$$0000000C)
    __rt_exit                                0x08000253   Thumb Code     0  rtexit.o(.ARM.Collect$$rtexit$$00000000)
    __rt_exit_ls                             0x08000255   Thumb Code     0  rtexit2.o(.ARM.Collect$$rtexit$$00000003)
    __rt_exit_prels_1                        0x08000255   Thumb Code     0  rtexit2.o(.ARM.Collect$$rtexit$$00000002)
    __rt_exit_exit                           0x08000259   Thumb Code     0  rtexit2.o(.ARM.Collect$$rtexit$$00000004)
    NVIC_PriorityGroupConfig                 0x08000261   Thumb Code    10  misc.o(.text)
    NVIC_Init                                0x0800026b   Thumb Code   106  misc.o(.text)
    NVIC_SetVectorTable                      0x080002d5   Thumb Code    14  misc.o(.text)
    NVIC_SystemLPConfig                      0x080002e3   Thumb Code    34  misc.o(.text)
    SysTick_CLKSourceConfig                  0x08000305   Thumb Code    40  misc.o(.text)
    ADC_DeInit                               0x08000341   Thumb Code    22  stm32f4xx_adc.o(.text)
    ADC_Init                                 0x08000357   Thumb Code    74  stm32f4xx_adc.o(.text)
    ADC_StructInit                           0x080003a1   Thumb Code    20  stm32f4xx_adc.o(.text)
    ADC_CommonInit                           0x080003b5   Thumb Code    34  stm32f4xx_adc.o(.text)
    ADC_CommonStructInit                     0x080003d7   Thumb Code    12  stm32f4xx_adc.o(.text)
    ADC_Cmd                                  0x080003e3   Thumb Code    22  stm32f4xx_adc.o(.text)
    ADC_AnalogWatchdogCmd                    0x080003f9   Thumb Code    16  stm32f4xx_adc.o(.text)
    ADC_AnalogWatchdogThresholdsConfig       0x08000409   Thumb Code     6  stm32f4xx_adc.o(.text)
    ADC_AnalogWatchdogSingleChannelConfig    0x0800040f   Thumb Code    16  stm32f4xx_adc.o(.text)
    ADC_TempSensorVrefintCmd                 0x0800041f   Thumb Code    34  stm32f4xx_adc.o(.text)
    ADC_VBATCmd                              0x08000441   Thumb Code    34  stm32f4xx_adc.o(.text)
    ADC_RegularChannelConfig                 0x08000463   Thumb Code   184  stm32f4xx_adc.o(.text)
    ADC_SoftwareStartConv                    0x0800051b   Thumb Code    10  stm32f4xx_adc.o(.text)
    ADC_GetSoftwareStartConvStatus           0x08000525   Thumb Code    20  stm32f4xx_adc.o(.text)
    ADC_EOCOnEachRegularChannelCmd           0x08000539   Thumb Code    22  stm32f4xx_adc.o(.text)
    ADC_ContinuousModeCmd                    0x0800054f   Thumb Code    22  stm32f4xx_adc.o(.text)
    ADC_DiscModeChannelCountConfig           0x08000565   Thumb Code    24  stm32f4xx_adc.o(.text)
    ADC_DiscModeCmd                          0x0800057d   Thumb Code    22  stm32f4xx_adc.o(.text)
    ADC_GetConversionValue                   0x08000593   Thumb Code     8  stm32f4xx_adc.o(.text)
    ADC_GetMultiModeConversionValue          0x0800059b   Thumb Code     8  stm32f4xx_adc.o(.text)
    ADC_DMACmd                               0x080005a3   Thumb Code    22  stm32f4xx_adc.o(.text)
    ADC_DMARequestAfterLastTransferCmd       0x080005b9   Thumb Code    22  stm32f4xx_adc.o(.text)
    ADC_MultiModeDMARequestAfterLastTransferCmd 0x080005cf   Thumb Code    34  stm32f4xx_adc.o(.text)
    ADC_InjectedChannelConfig                0x080005f1   Thumb Code   130  stm32f4xx_adc.o(.text)
    ADC_InjectedSequencerLengthConfig        0x08000673   Thumb Code    24  stm32f4xx_adc.o(.text)
    ADC_SetInjectedOffset                    0x0800068b   Thumb Code    20  stm32f4xx_adc.o(.text)
    ADC_ExternalTrigInjectedConvConfig       0x0800069f   Thumb Code    16  stm32f4xx_adc.o(.text)
    ADC_ExternalTrigInjectedConvEdgeConfig   0x080006af   Thumb Code    16  stm32f4xx_adc.o(.text)
    ADC_SoftwareStartInjectedConv            0x080006bf   Thumb Code    10  stm32f4xx_adc.o(.text)
    ADC_GetSoftwareStartInjectedConvCmdStatus 0x080006c9   Thumb Code    20  stm32f4xx_adc.o(.text)
    ADC_AutoInjectedConvCmd                  0x080006dd   Thumb Code    22  stm32f4xx_adc.o(.text)
    ADC_InjectedDiscModeCmd                  0x080006f3   Thumb Code    22  stm32f4xx_adc.o(.text)
    ADC_GetInjectedConversionValue           0x08000709   Thumb Code    28  stm32f4xx_adc.o(.text)
    ADC_ITConfig                             0x08000725   Thumb Code    56  stm32f4xx_adc.o(.text)
    ADC_GetFlagStatus                        0x0800075d   Thumb Code    18  stm32f4xx_adc.o(.text)
    ADC_ClearFlag                            0x0800076f   Thumb Code     6  stm32f4xx_adc.o(.text)
    ADC_GetITStatus                          0x08000775   Thumb Code    38  stm32f4xx_adc.o(.text)
    ADC_ClearITPendingBit                    0x0800079b   Thumb Code    10  stm32f4xx_adc.o(.text)
    EXTI_DeInit                              0x080007a5   Thumb Code    28  stm32f4xx_exti.o(.text)
    EXTI_Init                                0x080007c1   Thumb Code   142  stm32f4xx_exti.o(.text)
    EXTI_StructInit                          0x0800084f   Thumb Code    16  stm32f4xx_exti.o(.text)
    EXTI_GenerateSWInterrupt                 0x0800085f   Thumb Code    16  stm32f4xx_exti.o(.text)
    EXTI_GetFlagStatus                       0x0800086f   Thumb Code    22  stm32f4xx_exti.o(.text)
    EXTI_ClearFlag                           0x08000885   Thumb Code     8  stm32f4xx_exti.o(.text)
    EXTI_GetITStatus                         0x0800088d   Thumb Code    34  stm32f4xx_exti.o(.text)
    EXTI_ClearITPendingBit                   0x080008af   Thumb Code     8  stm32f4xx_exti.o(.text)
    GPIO_DeInit                              0x080008c1   Thumb Code   220  stm32f4xx_gpio.o(.text)
    GPIO_Init                                0x0800099d   Thumb Code   144  stm32f4xx_gpio.o(.text)
    GPIO_StructInit                          0x08000a2d   Thumb Code    18  stm32f4xx_gpio.o(.text)
    GPIO_PinLockConfig                       0x08000a3f   Thumb Code    34  stm32f4xx_gpio.o(.text)
    GPIO_ReadInputDataBit                    0x08000a61   Thumb Code    18  stm32f4xx_gpio.o(.text)
    GPIO_ReadInputData                       0x08000a73   Thumb Code     8  stm32f4xx_gpio.o(.text)
    GPIO_ReadOutputDataBit                   0x08000a7b   Thumb Code    18  stm32f4xx_gpio.o(.text)
    GPIO_ReadOutputData                      0x08000a8d   Thumb Code     8  stm32f4xx_gpio.o(.text)
    GPIO_SetBits                             0x08000a95   Thumb Code     4  stm32f4xx_gpio.o(.text)
    GPIO_ResetBits                           0x08000a99   Thumb Code     4  stm32f4xx_gpio.o(.text)
    GPIO_WriteBit                            0x08000a9d   Thumb Code    10  stm32f4xx_gpio.o(.text)
    GPIO_Write                               0x08000aa7   Thumb Code     4  stm32f4xx_gpio.o(.text)
    GPIO_ToggleBits                          0x08000aab   Thumb Code     8  stm32f4xx_gpio.o(.text)
    GPIO_PinAFConfig                         0x08000ab3   Thumb Code    70  stm32f4xx_gpio.o(.text)
    RCC_DeInit                               0x08000b1d   Thumb Code    60  stm32f4xx_rcc.o(.text)
    RCC_HSEConfig                            0x08000b59   Thumb Code    14  stm32f4xx_rcc.o(.text)
    RCC_GetFlagStatus                        0x08000b67   Thumb Code    60  stm32f4xx_rcc.o(.text)
    RCC_WaitForHSEStartUp                    0x08000ba3   Thumb Code    56  stm32f4xx_rcc.o(.text)
    RCC_AdjustHSICalibrationValue            0x08000bdb   Thumb Code    20  stm32f4xx_rcc.o(.text)
    RCC_HSICmd                               0x08000bef   Thumb Code     6  stm32f4xx_rcc.o(.text)
    RCC_LSEConfig                            0x08000bf5   Thumb Code    46  stm32f4xx_rcc.o(.text)
    RCC_LSICmd                               0x08000c23   Thumb Code     6  stm32f4xx_rcc.o(.text)
    RCC_PLLConfig                            0x08000c29   Thumb Code    32  stm32f4xx_rcc.o(.text)
    RCC_PLLCmd                               0x08000c49   Thumb Code     6  stm32f4xx_rcc.o(.text)
    RCC_PLLI2SConfig                         0x08000c4f   Thumb Code    14  stm32f4xx_rcc.o(.text)
    RCC_PLLI2SCmd                            0x08000c5d   Thumb Code     6  stm32f4xx_rcc.o(.text)
    RCC_ClockSecuritySystemCmd               0x08000c63   Thumb Code     6  stm32f4xx_rcc.o(.text)
    RCC_MCO1Config                           0x08000c69   Thumb Code    28  stm32f4xx_rcc.o(.text)
    RCC_MCO2Config                           0x08000c85   Thumb Code    28  stm32f4xx_rcc.o(.text)
    RCC_SYSCLKConfig                         0x08000ca1   Thumb Code    20  stm32f4xx_rcc.o(.text)
    RCC_GetSYSCLKSource                      0x08000cb5   Thumb Code    12  stm32f4xx_rcc.o(.text)
    RCC_HCLKConfig                           0x08000cc1   Thumb Code    20  stm32f4xx_rcc.o(.text)
    RCC_PCLK1Config                          0x08000cd5   Thumb Code    20  stm32f4xx_rcc.o(.text)
    RCC_PCLK2Config                          0x08000ce9   Thumb Code    22  stm32f4xx_rcc.o(.text)
    RCC_GetClocksFreq                        0x08000cff   Thumb Code   222  stm32f4xx_rcc.o(.text)
    RCC_RTCCLKConfig                         0x08000ddd   Thumb Code    54  stm32f4xx_rcc.o(.text)
    RCC_RTCCLKCmd                            0x08000e13   Thumb Code     8  stm32f4xx_rcc.o(.text)
    RCC_BackupResetCmd                       0x08000e1b   Thumb Code     8  stm32f4xx_rcc.o(.text)
    RCC_I2SCLKConfig                         0x08000e23   Thumb Code     6  stm32f4xx_rcc.o(.text)
    RCC_AHB1PeriphClockCmd                   0x08000e29   Thumb Code    34  stm32f4xx_rcc.o(.text)
    RCC_AHB2PeriphClockCmd                   0x08000e4b   Thumb Code    34  stm32f4xx_rcc.o(.text)
    RCC_AHB3PeriphClockCmd                   0x08000e6d   Thumb Code    34  stm32f4xx_rcc.o(.text)
    RCC_APB1PeriphClockCmd                   0x08000e8f   Thumb Code    34  stm32f4xx_rcc.o(.text)
    RCC_APB2PeriphClockCmd                   0x08000eb1   Thumb Code    34  stm32f4xx_rcc.o(.text)
    RCC_AHB1PeriphResetCmd                   0x08000ed3   Thumb Code    34  stm32f4xx_rcc.o(.text)
    RCC_AHB2PeriphResetCmd                   0x08000ef5   Thumb Code    72  stm32f4xx_rcc.o(.text)
    RCC_AHB3PeriphResetCmd                   0x08000f3d   Thumb Code    34  stm32f4xx_rcc.o(.text)
    RCC_APB1PeriphResetCmd                   0x08000f5f   Thumb Code    34  stm32f4xx_rcc.o(.text)
    RCC_APB2PeriphResetCmd                   0x08000f81   Thumb Code    34  stm32f4xx_rcc.o(.text)
    RCC_AHB1PeriphClockLPModeCmd             0x08000fa3   Thumb Code    34  stm32f4xx_rcc.o(.text)
    RCC_AHB2PeriphClockLPModeCmd             0x08000fc5   Thumb Code    34  stm32f4xx_rcc.o(.text)
    RCC_AHB3PeriphClockLPModeCmd             0x08000fe7   Thumb Code    34  stm32f4xx_rcc.o(.text)
    RCC_APB1PeriphClockLPModeCmd             0x08001009   Thumb Code    34  stm32f4xx_rcc.o(.text)
    RCC_APB2PeriphClockLPModeCmd             0x0800102b   Thumb Code    34  stm32f4xx_rcc.o(.text)
    RCC_ITConfig                             0x0800104d   Thumb Code    34  stm32f4xx_rcc.o(.text)
    RCC_ClearFlag                            0x0800106f   Thumb Code    18  stm32f4xx_rcc.o(.text)
    RCC_GetITStatus                          0x08001081   Thumb Code    22  stm32f4xx_rcc.o(.text)
    RCC_ClearITPendingBit                    0x08001097   Thumb Code     8  stm32f4xx_rcc.o(.text)
    SPI_I2S_DeInit                           0x080010a5   Thumb Code    76  stm32f4xx_spi.o(.text)
    SPI_Init                                 0x080010f1   Thumb Code    60  stm32f4xx_spi.o(.text)
    I2S_Init                                 0x0800112d   Thumb Code   350  stm32f4xx_spi.o(.text)
    SPI_StructInit                           0x0800128b   Thumb Code    24  stm32f4xx_spi.o(.text)
    I2S_StructInit                           0x080012a3   Thumb Code    20  stm32f4xx_spi.o(.text)
    SPI_Cmd                                  0x080012b7   Thumb Code    24  stm32f4xx_spi.o(.text)
    I2S_Cmd                                  0x080012cf   Thumb Code    24  stm32f4xx_spi.o(.text)
    SPI_DataSizeConfig                       0x080012e7   Thumb Code    18  stm32f4xx_spi.o(.text)
    SPI_BiDirectionalLineConfig              0x080012f9   Thumb Code    28  stm32f4xx_spi.o(.text)
    SPI_NSSInternalSoftwareConfig            0x08001315   Thumb Code    30  stm32f4xx_spi.o(.text)
    SPI_SSOutputCmd                          0x08001333   Thumb Code    24  stm32f4xx_spi.o(.text)
    SPI_TIModeCmd                            0x0800134b   Thumb Code    24  stm32f4xx_spi.o(.text)
    I2S_FullDuplexConfig                     0x08001363   Thumb Code    80  stm32f4xx_spi.o(.text)
    SPI_I2S_ReceiveData                      0x080013b3   Thumb Code     6  stm32f4xx_spi.o(.text)
    SPI_I2S_SendData                         0x080013b9   Thumb Code     4  stm32f4xx_spi.o(.text)
    SPI_CalculateCRC                         0x080013bd   Thumb Code    24  stm32f4xx_spi.o(.text)
    SPI_TransmitCRC                          0x080013d5   Thumb Code    10  stm32f4xx_spi.o(.text)
    SPI_GetCRC                               0x080013df   Thumb Code    16  stm32f4xx_spi.o(.text)
    SPI_GetCRCPolynomial                     0x080013ef   Thumb Code     6  stm32f4xx_spi.o(.text)
    SPI_I2S_DMACmd                           0x080013f5   Thumb Code    18  stm32f4xx_spi.o(.text)
    SPI_I2S_ITConfig                         0x08001407   Thumb Code    32  stm32f4xx_spi.o(.text)
    SPI_I2S_GetFlagStatus                    0x08001427   Thumb Code    18  stm32f4xx_spi.o(.text)
    SPI_I2S_ClearFlag                        0x08001439   Thumb Code     6  stm32f4xx_spi.o(.text)
    SPI_I2S_GetITStatus                      0x0800143f   Thumb Code    52  stm32f4xx_spi.o(.text)
    SPI_I2S_ClearITPendingBit                0x08001473   Thumb Code    42  stm32f4xx_spi.o(.text)
    SYSCFG_DeInit                            0x0800149d   Thumb Code    22  stm32f4xx_syscfg.o(.text)
    SYSCFG_MemoryRemapConfig                 0x080014b3   Thumb Code     6  stm32f4xx_syscfg.o(.text)
    SYSCFG_EXTILineConfig                    0x080014b9   Thumb Code    66  stm32f4xx_syscfg.o(.text)
    SYSCFG_ETH_MediaInterfaceConfig          0x080014fb   Thumb Code     6  stm32f4xx_syscfg.o(.text)
    SYSCFG_CompensationCellCmd               0x08001501   Thumb Code     6  stm32f4xx_syscfg.o(.text)
    SYSCFG_GetCompensationCellStatus         0x08001507   Thumb Code    22  stm32f4xx_syscfg.o(.text)
    TIM_DeInit                               0x08001529   Thumb Code   346  stm32f4xx_tim.o(.text)
    TIM_TimeBaseInit                         0x08001683   Thumb Code   104  stm32f4xx_tim.o(.text)
    TIM_TimeBaseStructInit                   0x080016eb   Thumb Code    18  stm32f4xx_tim.o(.text)
    TIM_PrescalerConfig                      0x080016fd   Thumb Code     6  stm32f4xx_tim.o(.text)
    TIM_CounterModeConfig                    0x08001703   Thumb Code    18  stm32f4xx_tim.o(.text)
    TIM_SetCounter                           0x08001715   Thumb Code     4  stm32f4xx_tim.o(.text)
    TIM_SetAutoreload                        0x08001719   Thumb Code     4  stm32f4xx_tim.o(.text)
    TIM_GetCounter                           0x0800171d   Thumb Code     6  stm32f4xx_tim.o(.text)
    TIM_GetPrescaler                         0x08001723   Thumb Code     6  stm32f4xx_tim.o(.text)
    TIM_UpdateDisableConfig                  0x08001729   Thumb Code    24  stm32f4xx_tim.o(.text)
    TIM_UpdateRequestConfig                  0x08001741   Thumb Code    24  stm32f4xx_tim.o(.text)
    TIM_ARRPreloadConfig                     0x08001759   Thumb Code    24  stm32f4xx_tim.o(.text)
    TIM_SelectOnePulseMode                   0x08001771   Thumb Code    18  stm32f4xx_tim.o(.text)
    TIM_SetClockDivision                     0x08001783   Thumb Code    18  stm32f4xx_tim.o(.text)
    TIM_Cmd                                  0x08001795   Thumb Code    24  stm32f4xx_tim.o(.text)
    TIM_OC1Init                              0x080017ad   Thumb Code   114  stm32f4xx_tim.o(.text)
    TIM_OC2Init                              0x0800181f   Thumb Code   154  stm32f4xx_tim.o(.text)
    TIM_OC3Init                              0x080018b9   Thumb Code   204  stm32f4xx_tim.o(.text)
    TIM_OC4Init                              0x08001985   Thumb Code   112  stm32f4xx_tim.o(.text)
    TIM_OCStructInit                         0x080019f5   Thumb Code    20  stm32f4xx_tim.o(.text)
    TIM_SelectOCxM                           0x08001a09   Thumb Code    86  stm32f4xx_tim.o(.text)
    TIM_SetCompare1                          0x08001a5f   Thumb Code     4  stm32f4xx_tim.o(.text)
    TIM_SetCompare2                          0x08001a63   Thumb Code     4  stm32f4xx_tim.o(.text)
    TIM_SetCompare3                          0x08001a67   Thumb Code     4  stm32f4xx_tim.o(.text)
    TIM_SetCompare4                          0x08001a6b   Thumb Code     4  stm32f4xx_tim.o(.text)
    TIM_ForcedOC1Config                      0x08001a6f   Thumb Code    18  stm32f4xx_tim.o(.text)
    TIM_ForcedOC2Config                      0x08001a81   Thumb Code    26  stm32f4xx_tim.o(.text)
    TIM_ForcedOC3Config                      0x08001a9b   Thumb Code    18  stm32f4xx_tim.o(.text)
    TIM_ForcedOC4Config                      0x08001aad   Thumb Code    26  stm32f4xx_tim.o(.text)
    TIM_OC1PreloadConfig                     0x08001ac7   Thumb Code    18  stm32f4xx_tim.o(.text)
    TIM_OC2PreloadConfig                     0x08001ad9   Thumb Code    26  stm32f4xx_tim.o(.text)
    TIM_OC3PreloadConfig                     0x08001af3   Thumb Code    18  stm32f4xx_tim.o(.text)
    TIM_OC4PreloadConfig                     0x08001b05   Thumb Code    26  stm32f4xx_tim.o(.text)
    TIM_OC1FastConfig                        0x08001b1f   Thumb Code    18  stm32f4xx_tim.o(.text)
    TIM_OC2FastConfig                        0x08001b31   Thumb Code    26  stm32f4xx_tim.o(.text)
    TIM_OC3FastConfig                        0x08001b4b   Thumb Code    18  stm32f4xx_tim.o(.text)
    TIM_OC4FastConfig                        0x08001b5d   Thumb Code    26  stm32f4xx_tim.o(.text)
    TIM_ClearOC1Ref                          0x08001b77   Thumb Code    18  stm32f4xx_tim.o(.text)
    TIM_ClearOC2Ref                          0x08001b89   Thumb Code    24  stm32f4xx_tim.o(.text)
    TIM_ClearOC3Ref                          0x08001ba1   Thumb Code    18  stm32f4xx_tim.o(.text)
    TIM_ClearOC4Ref                          0x08001bb3   Thumb Code    24  stm32f4xx_tim.o(.text)
    TIM_OC1PolarityConfig                    0x08001bcb   Thumb Code    18  stm32f4xx_tim.o(.text)
    TIM_OC1NPolarityConfig                   0x08001bdd   Thumb Code    18  stm32f4xx_tim.o(.text)
    TIM_OC2PolarityConfig                    0x08001bef   Thumb Code    26  stm32f4xx_tim.o(.text)
    TIM_OC2NPolarityConfig                   0x08001c09   Thumb Code    26  stm32f4xx_tim.o(.text)
    TIM_OC3PolarityConfig                    0x08001c23   Thumb Code    26  stm32f4xx_tim.o(.text)
    TIM_OC3NPolarityConfig                   0x08001c3d   Thumb Code    26  stm32f4xx_tim.o(.text)
    TIM_OC4PolarityConfig                    0x08001c57   Thumb Code    26  stm32f4xx_tim.o(.text)
    TIM_CCxCmd                               0x08001c71   Thumb Code    30  stm32f4xx_tim.o(.text)
    TIM_CCxNCmd                              0x08001c8f   Thumb Code    30  stm32f4xx_tim.o(.text)
    TIM_SetIC4Prescaler                      0x08001cad   Thumb Code    26  stm32f4xx_tim.o(.text)
    TIM_SetIC3Prescaler                      0x08001d17   Thumb Code    18  stm32f4xx_tim.o(.text)
    TIM_SetIC2Prescaler                      0x08001d71   Thumb Code    26  stm32f4xx_tim.o(.text)
    TIM_SetIC1Prescaler                      0x08001de5   Thumb Code    18  stm32f4xx_tim.o(.text)
    TIM_ICInit                               0x08001e31   Thumb Code   110  stm32f4xx_tim.o(.text)
    TIM_ICStructInit                         0x08001e9f   Thumb Code    18  stm32f4xx_tim.o(.text)
    TIM_PWMIConfig                           0x08001eb1   Thumb Code   124  stm32f4xx_tim.o(.text)
    TIM_GetCapture1                          0x08001f2d   Thumb Code     6  stm32f4xx_tim.o(.text)
    TIM_GetCapture2                          0x08001f33   Thumb Code     6  stm32f4xx_tim.o(.text)
    TIM_GetCapture3                          0x08001f39   Thumb Code     6  stm32f4xx_tim.o(.text)
    TIM_GetCapture4                          0x08001f3f   Thumb Code     6  stm32f4xx_tim.o(.text)
    TIM_BDTRConfig                           0x08001f45   Thumb Code    32  stm32f4xx_tim.o(.text)
    TIM_BDTRStructInit                       0x08001f65   Thumb Code    18  stm32f4xx_tim.o(.text)
    TIM_CtrlPWMOutputs                       0x08001f77   Thumb Code    30  stm32f4xx_tim.o(.text)
    TIM_SelectCOM                            0x08001f95   Thumb Code    24  stm32f4xx_tim.o(.text)
    TIM_CCPreloadControl                     0x08001fad   Thumb Code    24  stm32f4xx_tim.o(.text)
    TIM_ITConfig                             0x08001fc5   Thumb Code    18  stm32f4xx_tim.o(.text)
    TIM_GenerateEvent                        0x08001fd7   Thumb Code     4  stm32f4xx_tim.o(.text)
    TIM_GetFlagStatus                        0x08001fdb   Thumb Code    18  stm32f4xx_tim.o(.text)
    TIM_ClearFlag                            0x08001fed   Thumb Code     6  stm32f4xx_tim.o(.text)
    TIM_GetITStatus                          0x08001ff3   Thumb Code    34  stm32f4xx_tim.o(.text)
    TIM_ClearITPendingBit                    0x08002015   Thumb Code     6  stm32f4xx_tim.o(.text)
    TIM_DMAConfig                            0x0800201b   Thumb Code    10  stm32f4xx_tim.o(.text)
    TIM_DMACmd                               0x08002025   Thumb Code    18  stm32f4xx_tim.o(.text)
    TIM_SelectCCDMA                          0x08002037   Thumb Code    24  stm32f4xx_tim.o(.text)
    TIM_InternalClockConfig                  0x0800204f   Thumb Code    12  stm32f4xx_tim.o(.text)
    TIM_SelectInputTrigger                   0x0800205b   Thumb Code    18  stm32f4xx_tim.o(.text)
    TIM_ITRxExternalClockConfig              0x0800206d   Thumb Code    24  stm32f4xx_tim.o(.text)
    TIM_TIxExternalClockConfig               0x08002085   Thumb Code    62  stm32f4xx_tim.o(.text)
    TIM_ETRConfig                            0x080020c3   Thumb Code    28  stm32f4xx_tim.o(.text)
    TIM_ETRClockMode1Config                  0x080020df   Thumb Code    54  stm32f4xx_tim.o(.text)
    TIM_ETRClockMode2Config                  0x08002115   Thumb Code    32  stm32f4xx_tim.o(.text)
    TIM_SelectOutputTrigger                  0x08002135   Thumb Code    18  stm32f4xx_tim.o(.text)
    TIM_SelectSlaveMode                      0x08002147   Thumb Code    18  stm32f4xx_tim.o(.text)
    TIM_SelectMasterSlaveMode                0x08002159   Thumb Code    18  stm32f4xx_tim.o(.text)
    TIM_EncoderInterfaceConfig               0x0800216b   Thumb Code    66  stm32f4xx_tim.o(.text)
    TIM_SelectHallSensor                     0x080021ad   Thumb Code    24  stm32f4xx_tim.o(.text)
    TIM_RemapConfig                          0x080021c5   Thumb Code     6  stm32f4xx_tim.o(.text)
    USART_DeInit                             0x080021cd   Thumb Code   156  stm32f4xx_usart.o(.text)
    USART_Init                               0x08002269   Thumb Code   204  stm32f4xx_usart.o(.text)
    USART_StructInit                         0x08002335   Thumb Code    24  stm32f4xx_usart.o(.text)
    USART_ClockInit                          0x0800234d   Thumb Code    32  stm32f4xx_usart.o(.text)
    USART_ClockStructInit                    0x0800236d   Thumb Code    12  stm32f4xx_usart.o(.text)
    USART_Cmd                                0x08002379   Thumb Code    24  stm32f4xx_usart.o(.text)
    USART_SetPrescaler                       0x08002391   Thumb Code    16  stm32f4xx_usart.o(.text)
    USART_OverSampling8Cmd                   0x080023a1   Thumb Code    22  stm32f4xx_usart.o(.text)
    USART_OneBitMethodCmd                    0x080023b7   Thumb Code    24  stm32f4xx_usart.o(.text)
    USART_SendData                           0x080023cf   Thumb Code     8  stm32f4xx_usart.o(.text)
    USART_ReceiveData                        0x080023d7   Thumb Code    10  stm32f4xx_usart.o(.text)
    USART_SetAddress                         0x080023e1   Thumb Code    18  stm32f4xx_usart.o(.text)
    USART_ReceiverWakeUpCmd                  0x080023f3   Thumb Code    24  stm32f4xx_usart.o(.text)
    USART_WakeUpConfig                       0x0800240b   Thumb Code    18  stm32f4xx_usart.o(.text)
    USART_LINBreakDetectLengthConfig         0x0800241d   Thumb Code    18  stm32f4xx_usart.o(.text)
    USART_LINCmd                             0x0800242f   Thumb Code    24  stm32f4xx_usart.o(.text)
    USART_SendBreak                          0x08002447   Thumb Code    10  stm32f4xx_usart.o(.text)
    USART_HalfDuplexCmd                      0x08002451   Thumb Code    24  stm32f4xx_usart.o(.text)
    USART_SetGuardTime                       0x08002469   Thumb Code    16  stm32f4xx_usart.o(.text)
    USART_SmartCardCmd                       0x08002479   Thumb Code    24  stm32f4xx_usart.o(.text)
    USART_SmartCardNACKCmd                   0x08002491   Thumb Code    24  stm32f4xx_usart.o(.text)
    USART_IrDAConfig                         0x080024a9   Thumb Code    18  stm32f4xx_usart.o(.text)
    USART_IrDACmd                            0x080024bb   Thumb Code    24  stm32f4xx_usart.o(.text)
    USART_DMACmd                             0x080024d3   Thumb Code    18  stm32f4xx_usart.o(.text)
    USART_ITConfig                           0x080024e5   Thumb Code    74  stm32f4xx_usart.o(.text)
    USART_GetFlagStatus                      0x0800252f   Thumb Code    26  stm32f4xx_usart.o(.text)
    USART_ClearFlag                          0x08002549   Thumb Code    18  stm32f4xx_usart.o(.text)
    USART_GetITStatus                        0x0800255b   Thumb Code   110  stm32f4xx_usart.o(.text)
    USART_ClearITPendingBit                  0x080025c9   Thumb Code    30  stm32f4xx_usart.o(.text)
    setH                                     0x080025e9   Thumb Code    28  main.o(.text)
    clearH                                   0x08002605   Thumb Code    28  main.o(.text)
    getH                                     0x08002621   Thumb Code    36  main.o(.text)
    clearAllH                                0x08002645   Thumb Code    12  main.o(.text)
    setAllH                                  0x08002651   Thumb Code    16  main.o(.text)
    setV                                     0x08002661   Thumb Code    28  main.o(.text)
    clearV                                   0x0800267d   Thumb Code    28  main.o(.text)
    getV                                     0x08002699   Thumb Code    36  main.o(.text)
    clearAllV                                0x080026bd   Thumb Code    12  main.o(.text)
    setAllV                                  0x080026c9   Thumb Code    16  main.o(.text)
    stfull                                   0x080026d9   Thumb Code    20  main.o(.text)
    push                                     0x080026ed   Thumb Code    38  main.o(.text)
    stempty                                  0x08002713   Thumb Code    18  main.o(.text)
    pop                                      0x08002725   Thumb Code    54  main.o(.text)
    opposite                                 0x0800275b   Thumb Code    38  main.o(.text)
    clockwise                                0x08002781   Thumb Code    38  main.o(.text)
    counterClockwise                         0x080027a7   Thumb Code    38  main.o(.text)
    calculateManahattan                      0x080027cd   Thumb Code   360  main.o(.text)
    isWallBetween                            0x08002935   Thumb Code   104  main.o(.text)
    floodFill                                0x0800299d   Thumb Code   564  main.o(.text)
    nextMovement                             0x08002bd1   Thumb Code  1404  main.o(.text)
    PID                                      0x0800314d   Thumb Code   484  main.o(.text)
    stop                                     0x08003331   Thumb Code    28  main.o(.text)
    goForward                                0x0800334d   Thumb Code    38  main.o(.text)
    goForwardandStop                         0x08003373   Thumb Code    30  main.o(.text)
    forwardDistance                          0x08003391   Thumb Code    62  main.o(.text)
    turnRight                                0x080033cf   Thumb Code    46  main.o(.text)
    turnLeft                                 0x080033fd   Thumb Code    32  main.o(.text)
    turnDegrees                              0x0800341d   Thumb Code   128  main.o(.text)
    turn90Left                               0x0800349d   Thumb Code   114  main.o(.text)
    turn90Right                              0x0800350f   Thumb Code    84  main.o(.text)
    turnRightAngleRight                      0x08003563   Thumb Code    82  main.o(.text)
    turnRightAngleLeft                       0x080035b5   Thumb Code    82  main.o(.text)
    systick                                  0x08003607   Thumb Code   194  main.o(.text)
    button1_interrupt                        0x080036c9   Thumb Code     2  main.o(.text)
    button2_interrupt                        0x080036cb   Thumb Code     2  main.o(.text)
    main                                     0x080036cd   Thumb Code   286  main.o(.text)
    NMI_Handler                              0x08003831   Thumb Code     2  stm32f4xx_it.o(.text)
    HardFault_Handler                        0x08003833   Thumb Code     4  stm32f4xx_it.o(.text)
    MemManage_Handler                        0x08003837   Thumb Code     4  stm32f4xx_it.o(.text)
    BusFault_Handler                         0x0800383b   Thumb Code     4  stm32f4xx_it.o(.text)
    UsageFault_Handler                       0x0800383f   Thumb Code     4  stm32f4xx_it.o(.text)
    SVC_Handler                              0x08003843   Thumb Code     2  stm32f4xx_it.o(.text)
    DebugMon_Handler                         0x08003845   Thumb Code     2  stm32f4xx_it.o(.text)
    PendSV_Handler                           0x08003847   Thumb Code     2  stm32f4xx_it.o(.text)
    SysTick_Handler                          0x08003849   Thumb Code    42  stm32f4xx_it.o(.text)
    EXTI9_5_IRQHandler                       0x08003873   Thumb Code    28  stm32f4xx_it.o(.text)
    EXTI15_10_IRQHandler                     0x0800388f   Thumb Code    32  stm32f4xx_it.o(.text)
    Systick_Configuration                    0x080038dd   Thumb Code    96  delay.o(.text)
    micros                                   0x0800393d   Thumb Code    44  delay.o(.text)
    millis                                   0x08003969   Thumb Code     6  delay.o(.text)
    delay_ms                                 0x0800396f   Thumb Code    18  delay.o(.text)
    delay_us                                 0x08003981   Thumb Code    24  delay.o(.text)
    elapseMicros                             0x08003999   Thumb Code    20  delay.o(.text)
    elapseMillis                             0x080039ad   Thumb Code    18  delay.o(.text)
    LED_Configuration                        0x080039d5   Thumb Code   182  led.o(.text)
    button_Configuration                     0x08003a9d   Thumb Code   204  button.o(.text)
    usart1_Configuration                     0x08003b71   Thumb Code   166  usart.o(.text)
    usart2_Configuration                     0x08003c17   Thumb Code   164  usart.o(.text)
    _sys_exit                                0x08003cbb   Thumb Code     6  usart.o(.text)
    fputc                                    0x08003cc1   Thumb Code    32  usart.o(.text)
    fgetc                                    0x08003ce1   Thumb Code    26  usart.o(.text)
    PutChar                                  0x08003cfb   Thumb Code    30  usart.o(.text)
    GetChar                                  0x08003d19   Thumb Code    32  usart.o(.text)
    inputChar                                0x08003d39   Thumb Code    48  usart.o(.text)
    inputDigit                               0x08003d69   Thumb Code    50  usart.o(.text)
    inputString                              0x08003d9b   Thumb Code    72  usart.o(.text)
    inputDigits                              0x08003de3   Thumb Code    62  usart.o(.text)
    displayMatrix                            0x08003f3d   Thumb Code   118  matrixdisplay.o(.text)
    displayErr                               0x08003fb3   Thumb Code    24  matrixdisplay.o(.text)
    displayFloat                             0x08003fcb   Thumb Code    52  matrixdisplay.o(.text)
    displayInt                               0x08003fff   Thumb Code    24  matrixdisplay.o(.text)
    displayMatrixScroll                      0x08004017   Thumb Code    58  matrixdisplay.o(.text)
    clearScreen                              0x08004051   Thumb Code    90  matrixdisplay.o(.text)
    WriteControlRegister                     0x080040d5   Thumb Code    92  spi.o(.text)
    SPI_Configuration                        0x08004131   Thumb Code   252  spi.o(.text)
    TIM4_GPIO_Config                         0x08004239   Thumb Code    88  pwm.o(.text)
    TIM4_Mode_Config                         0x08004291   Thumb Code   178  pwm.o(.text)
    TIM4_PWM_Init                            0x08004343   Thumb Code    12  pwm.o(.text)
    setLeftPwm                               0x0800434f   Thumb Code    54  pwm.o(.text)
    setRightPwm                              0x08004385   Thumb Code    56  pwm.o(.text)
    buzzer_Configuration                     0x080043d9   Thumb Code   142  buzzer.o(.text)
    beep                                     0x08004467   Thumb Code    68  buzzer.o(.text)
    shortBeep                                0x080044ab   Thumb Code    42  buzzer.o(.text)
    Encoder_Configration                     0x080044e5   Thumb Code   152  encoder.o(.text)
    getRightEncCount                         0x0800457d   Thumb Code     8  encoder.o(.text)
    resetRightEncCount                       0x08004585   Thumb Code    10  encoder.o(.text)
    getLeftEncCount                          0x0800458f   Thumb Code     8  encoder.o(.text)
    resetLeftEncCount                        0x08004597   Thumb Code    10  encoder.o(.text)
    ADC_Config                               0x080045ad   Thumb Code   194  adc.o(.text)
    readADC                                  0x0800466f   Thumb Code    48  adc.o(.text)
    readVolMeter                             0x080046b1   Thumb Code    40  sensor_function.o(.text)
    readSensor                               0x080046d9   Thumb Code   402  sensor_function.o(.text)
    readGyro                                 0x0800486b   Thumb Code   124  sensor_function.o(.text)
    lowBatCheck                              0x080048e7   Thumb Code   278  sensor_function.o(.text)
    Reset_Handler                            0x08004a41   Thumb Code     8  startup_stm32f4xx.o(.text)
    ADC_IRQHandler                           0x08004a5b   Thumb Code     0  startup_stm32f4xx.o(.text)
    CAN1_RX0_IRQHandler                      0x08004a5b   Thumb Code     0  startup_stm32f4xx.o(.text)
    CAN1_RX1_IRQHandler                      0x08004a5b   Thumb Code     0  startup_stm32f4xx.o(.text)
    CAN1_SCE_IRQHandler                      0x08004a5b   Thumb Code     0  startup_stm32f4xx.o(.text)
    CAN1_TX_IRQHandler                       0x08004a5b   Thumb Code     0  startup_stm32f4xx.o(.text)
    CAN2_RX0_IRQHandler                      0x08004a5b   Thumb Code     0  startup_stm32f4xx.o(.text)
    CAN2_RX1_IRQHandler                      0x08004a5b   Thumb Code     0  startup_stm32f4xx.o(.text)
    CAN2_SCE_IRQHandler                      0x08004a5b   Thumb Code     0  startup_stm32f4xx.o(.text)
    CAN2_TX_IRQHandler                       0x08004a5b   Thumb Code     0  startup_stm32f4xx.o(.text)
    CRYP_IRQHandler                          0x08004a5b   Thumb Code     0  startup_stm32f4xx.o(.text)
    DCMI_IRQHandler                          0x08004a5b   Thumb Code     0  startup_stm32f4xx.o(.text)
    DMA1_Stream0_IRQHandler                  0x08004a5b   Thumb Code     0  startup_stm32f4xx.o(.text)
    DMA1_Stream1_IRQHandler                  0x08004a5b   Thumb Code     0  startup_stm32f4xx.o(.text)
    DMA1_Stream2_IRQHandler                  0x08004a5b   Thumb Code     0  startup_stm32f4xx.o(.text)
    DMA1_Stream3_IRQHandler                  0x08004a5b   Thumb Code     0  startup_stm32f4xx.o(.text)
    DMA1_Stream4_IRQHandler                  0x08004a5b   Thumb Code     0  startup_stm32f4xx.o(.text)
    DMA1_Stream5_IRQHandler                  0x08004a5b   Thumb Code     0  startup_stm32f4xx.o(.text)
    DMA1_Stream6_IRQHandler                  0x08004a5b   Thumb Code     0  startup_stm32f4xx.o(.text)
    DMA1_Stream7_IRQHandler                  0x08004a5b   Thumb Code     0  startup_stm32f4xx.o(.text)
    DMA2_Stream0_IRQHandler                  0x08004a5b   Thumb Code     0  startup_stm32f4xx.o(.text)
    DMA2_Stream1_IRQHandler                  0x08004a5b   Thumb Code     0  startup_stm32f4xx.o(.text)
    DMA2_Stream2_IRQHandler                  0x08004a5b   Thumb Code     0  startup_stm32f4xx.o(.text)
    DMA2_Stream3_IRQHandler                  0x08004a5b   Thumb Code     0  startup_stm32f4xx.o(.text)
    DMA2_Stream4_IRQHandler                  0x08004a5b   Thumb Code     0  startup_stm32f4xx.o(.text)
    DMA2_Stream5_IRQHandler                  0x08004a5b   Thumb Code     0  startup_stm32f4xx.o(.text)
    DMA2_Stream6_IRQHandler                  0x08004a5b   Thumb Code     0  startup_stm32f4xx.o(.text)
    DMA2_Stream7_IRQHandler                  0x08004a5b   Thumb Code     0  startup_stm32f4xx.o(.text)
    ETH_IRQHandler                           0x08004a5b   Thumb Code     0  startup_stm32f4xx.o(.text)
    ETH_WKUP_IRQHandler                      0x08004a5b   Thumb Code     0  startup_stm32f4xx.o(.text)
    EXTI0_IRQHandler                         0x08004a5b   Thumb Code     0  startup_stm32f4xx.o(.text)
    EXTI1_IRQHandler                         0x08004a5b   Thumb Code     0  startup_stm32f4xx.o(.text)
    EXTI2_IRQHandler                         0x08004a5b   Thumb Code     0  startup_stm32f4xx.o(.text)
    EXTI3_IRQHandler                         0x08004a5b   Thumb Code     0  startup_stm32f4xx.o(.text)
    EXTI4_IRQHandler                         0x08004a5b   Thumb Code     0  startup_stm32f4xx.o(.text)
    FLASH_IRQHandler                         0x08004a5b   Thumb Code     0  startup_stm32f4xx.o(.text)
    FPU_IRQHandler                           0x08004a5b   Thumb Code     0  startup_stm32f4xx.o(.text)
    FSMC_IRQHandler                          0x08004a5b   Thumb Code     0  startup_stm32f4xx.o(.text)
    HASH_RNG_IRQHandler                      0x08004a5b   Thumb Code     0  startup_stm32f4xx.o(.text)
    I2C1_ER_IRQHandler                       0x08004a5b   Thumb Code     0  startup_stm32f4xx.o(.text)
    I2C1_EV_IRQHandler                       0x08004a5b   Thumb Code     0  startup_stm32f4xx.o(.text)
    I2C2_ER_IRQHandler                       0x08004a5b   Thumb Code     0  startup_stm32f4xx.o(.text)
    I2C2_EV_IRQHandler                       0x08004a5b   Thumb Code     0  startup_stm32f4xx.o(.text)
    I2C3_ER_IRQHandler                       0x08004a5b   Thumb Code     0  startup_stm32f4xx.o(.text)
    I2C3_EV_IRQHandler                       0x08004a5b   Thumb Code     0  startup_stm32f4xx.o(.text)
    OTG_FS_IRQHandler                        0x08004a5b   Thumb Code     0  startup_stm32f4xx.o(.text)
    OTG_FS_WKUP_IRQHandler                   0x08004a5b   Thumb Code     0  startup_stm32f4xx.o(.text)
    OTG_HS_EP1_IN_IRQHandler                 0x08004a5b   Thumb Code     0  startup_stm32f4xx.o(.text)
    OTG_HS_EP1_OUT_IRQHandler                0x08004a5b   Thumb Code     0  startup_stm32f4xx.o(.text)
    OTG_HS_IRQHandler                        0x08004a5b   Thumb Code     0  startup_stm32f4xx.o(.text)
    OTG_HS_WKUP_IRQHandler                   0x08004a5b   Thumb Code     0  startup_stm32f4xx.o(.text)
    PVD_IRQHandler                           0x08004a5b   Thumb Code     0  startup_stm32f4xx.o(.text)
    RCC_IRQHandler                           0x08004a5b   Thumb Code     0  startup_stm32f4xx.o(.text)
    RTC_Alarm_IRQHandler                     0x08004a5b   Thumb Code     0  startup_stm32f4xx.o(.text)
    RTC_WKUP_IRQHandler                      0x08004a5b   Thumb Code     0  startup_stm32f4xx.o(.text)
    SDIO_IRQHandler                          0x08004a5b   Thumb Code     0  startup_stm32f4xx.o(.text)
    SPI1_IRQHandler                          0x08004a5b   Thumb Code     0  startup_stm32f4xx.o(.text)
    SPI2_IRQHandler                          0x08004a5b   Thumb Code     0  startup_stm32f4xx.o(.text)
    SPI3_IRQHandler                          0x08004a5b   Thumb Code     0  startup_stm32f4xx.o(.text)
    TAMP_STAMP_IRQHandler                    0x08004a5b   Thumb Code     0  startup_stm32f4xx.o(.text)
    TIM1_BRK_TIM9_IRQHandler                 0x08004a5b   Thumb Code     0  startup_stm32f4xx.o(.text)
    TIM1_CC_IRQHandler                       0x08004a5b   Thumb Code     0  startup_stm32f4xx.o(.text)
    TIM1_TRG_COM_TIM11_IRQHandler            0x08004a5b   Thumb Code     0  startup_stm32f4xx.o(.text)
    TIM1_UP_TIM10_IRQHandler                 0x08004a5b   Thumb Code     0  startup_stm32f4xx.o(.text)
    TIM2_IRQHandler                          0x08004a5b   Thumb Code     0  startup_stm32f4xx.o(.text)
    TIM3_IRQHandler                          0x08004a5b   Thumb Code     0  startup_stm32f4xx.o(.text)
    TIM4_IRQHandler                          0x08004a5b   Thumb Code     0  startup_stm32f4xx.o(.text)
    TIM5_IRQHandler                          0x08004a5b   Thumb Code     0  startup_stm32f4xx.o(.text)
    TIM6_DAC_IRQHandler                      0x08004a5b   Thumb Code     0  startup_stm32f4xx.o(.text)
    TIM7_IRQHandler                          0x08004a5b   Thumb Code     0  startup_stm32f4xx.o(.text)
    TIM8_BRK_TIM12_IRQHandler                0x08004a5b   Thumb Code     0  startup_stm32f4xx.o(.text)
    TIM8_CC_IRQHandler                       0x08004a5b   Thumb Code     0  startup_stm32f4xx.o(.text)
    TIM8_TRG_COM_TIM14_IRQHandler            0x08004a5b   Thumb Code     0  startup_stm32f4xx.o(.text)
    TIM8_UP_TIM13_IRQHandler                 0x08004a5b   Thumb Code     0  startup_stm32f4xx.o(.text)
    UART4_IRQHandler                         0x08004a5b   Thumb Code     0  startup_stm32f4xx.o(.text)
    UART5_IRQHandler                         0x08004a5b   Thumb Code     0  startup_stm32f4xx.o(.text)
    USART1_IRQHandler                        0x08004a5b   Thumb Code     0  startup_stm32f4xx.o(.text)
    USART2_IRQHandler                        0x08004a5b   Thumb Code     0  startup_stm32f4xx.o(.text)
    USART3_IRQHandler                        0x08004a5b   Thumb Code     0  startup_stm32f4xx.o(.text)
    USART6_IRQHandler                        0x08004a5b   Thumb Code     0  startup_stm32f4xx.o(.text)
    WWDG_IRQHandler                          0x08004a5b   Thumb Code     0  startup_stm32f4xx.o(.text)
    __user_initial_stackheap                 0x08004a5d   Thumb Code     0  startup_stm32f4xx.o(.text)
    SystemInit                               0x08004c03   Thumb Code    88  system_stm32f4xx.o(.text)
    SystemCoreClockUpdate                    0x08004c5b   Thumb Code   174  system_stm32f4xx.o(.text)
    __use_no_semihosting                     0x08004d35   Thumb Code     2  use_no_semi_2.o(.text)
    __2printf                                0x08004d39   Thumb Code    20  noretval__2printf.o(.text)
    __2snprintf                              0x08004d51   Thumb Code    48  noretval__2snprintf.o(.text)
    _printf_pre_padding                      0x08004d85   Thumb Code    44  _printf_pad.o(.text)
    _printf_post_padding                     0x08004db1   Thumb Code    34  _printf_pad.o(.text)
    _printf_str                              0x08004dd3   Thumb Code    82  _printf_str.o(.text)
    _printf_int_dec                          0x08004e25   Thumb Code   104  _printf_dec.o(.text)
    __printf                                 0x08004e9d   Thumb Code   308  __printf_flags_wp.o(.text)
    __0scanf                                 0x08004fd5   Thumb Code    26  __0scanf.o(.text)
    _scanf_int                               0x08004ff5   Thumb Code   332  _scanf_int.o(.text)
    _scanf_string                            0x08005141   Thumb Code   224  _scanf_str.o(.text)
    __aeabi_memset                           0x08005221   Thumb Code    16  aeabi_memset.o(.text)
    __aeabi_memclr                           0x08005231   Thumb Code     0  rt_memclr.o(.text)
    __rt_memclr                              0x08005231   Thumb Code    68  rt_memclr.o(.text)
    _memset                                  0x08005235   Thumb Code     0  rt_memclr.o(.text)
    strcmp                                   0x08005275   Thumb Code   128  strcmpv7m.o(.text)
    __use_two_region_memory                  0x080052f5   Thumb Code     2  heapauxi.o(.text)
    __rt_heap_escrow$2region                 0x080052f7   Thumb Code     2  heapauxi.o(.text)
    __rt_heap_expand$2region                 0x080052f9   Thumb Code     2  heapauxi.o(.text)
    __I$use$semihosting                      0x080052fb   Thumb Code     0  use_no_semi.o(.text)
    __use_no_semihosting_swi                 0x080052fb   Thumb Code     2  use_no_semi.o(.text)
    _printf_int_common                       0x080052fd   Thumb Code   178  _printf_intcommon.o(.text)
    __lib_sel_fp_printf                      0x080053af   Thumb Code     2  _printf_fp_dec.o(.text)
    _printf_fp_dec_real                      0x0800555d   Thumb Code   620  _printf_fp_dec.o(.text)
    _printf_char_common                      0x080057d3   Thumb Code    32  _printf_char_common.o(.text)
    _sputc                                   0x080057f9   Thumb Code    10  _sputc.o(.text)
    _snputc                                  0x08005803   Thumb Code    16  _snputc.o(.text)
    _printf_cs_common                        0x08005813   Thumb Code    20  _printf_char.o(.text)
    _printf_char                             0x08005827   Thumb Code    16  _printf_char.o(.text)
    _printf_string                           0x08005837   Thumb Code     8  _printf_char.o(.text)
    _printf_char_file                        0x08005841   Thumb Code    32  _printf_char_file.o(.text)
    _chval                                   0x08005865   Thumb Code    28  _chval.o(.text)
    __vfscanf_char_file                      0x08005881   Thumb Code    16  scanf_char_file.o(.text)
    __aeabi_memclr4                          0x08005899   Thumb Code     0  rt_memclr_w.o(.text)
    __aeabi_memclr8                          0x08005899   Thumb Code     0  rt_memclr_w.o(.text)
    __rt_memclr_w                            0x08005899   Thumb Code    78  rt_memclr_w.o(.text)
    _memset_w                                0x0800589d   Thumb Code     0  rt_memclr_w.o(.text)
    __rt_locale                              0x080058e9   Thumb Code     8  rt_locale_intlibspace.o(.text)
    _ll_udiv10                               0x080058f1   Thumb Code   138  lludiv10.o(.text)
    _printf_fp_infnan                        0x0800597d   Thumb Code   112  _printf_fp_infnan.o(.text)
    __vfscanf_char                           0x08005a09   Thumb Code    24  scanf_char.o(.text)
    _btod_etento                             0x08005a29   Thumb Code   216  bigflt0.o(.text)
    ___backspace$unlocked                    0x08005b05   Thumb Code     2  backspace.o(.text)
    __backspace                              0x08005b07   Thumb Code    70  backspace.o(.text)
    ferror                                   0x08005b4d   Thumb Code     8  ferror.o(.text)
    __user_libspace                          0x08005b55   Thumb Code     8  libspace.o(.text)
    __user_perproc_libspace                  0x08005b55   Thumb Code     0  libspace.o(.text)
    __user_perthread_libspace                0x08005b55   Thumb Code     0  libspace.o(.text)
    __user_setup_stackheap                   0x08005b5d   Thumb Code    74  sys_stackheap_outer.o(.text)
    isspace                                  0x08005ba7   Thumb Code    18  isspace.o(.text)
    __vfscanf                                0x08005bb9   Thumb Code   878  _scanf.o(.text)
    _ungetc_internal                         0x08005f2d   Thumb Code    60  ungetc.o(.text)
    ungetc                                   0x08005f2d   Thumb Code     0  ungetc.o(.text)
    exit                                     0x08005f75   Thumb Code    12  exit.o(.text)
    __rt_ctype_table                         0x08005f81   Thumb Code    16  rt_ctype_table.o(.text)
    _btod_d2e                                0x08005f91   Thumb Code    62  btod.o(CL$$btod_d2e)
    _d2e_denorm_low                          0x08005fcf   Thumb Code    70  btod.o(CL$$btod_d2e_denorm_low)
    _d2e_norm_op1                            0x08006015   Thumb Code    96  btod.o(CL$$btod_d2e_norm_op1)
    __btod_div_common                        0x08006075   Thumb Code   696  btod.o(CL$$btod_div_common)
    _e2e                                     0x080063ad   Thumb Code   198  btod.o(CL$$btod_e2e)
    _btod_ediv                               0x08006473   Thumb Code    40  btod.o(CL$$btod_ediv)
    _btod_emul                               0x0800649b   Thumb Code    40  btod.o(CL$$btod_emul)
    __btod_mult_common                       0x080064c3   Thumb Code   580  btod.o(CL$$btod_mult_common)
    __ARM_fpclassify                         0x08006707   Thumb Code    48  fpclassify.o(i.__ARM_fpclassify)
    _is_digit                                0x08006737   Thumb Code    14  __printf_wp.o(i._is_digit)
    _get_lc_numeric                          0x08006745   Thumb Code    44  lc_numeric_c.o(locale$$code)
    _get_lc_ctype                            0x08006771   Thumb Code    44  lc_ctype_c.o(locale$$code)
    __aeabi_dadd                             0x0800679d   Thumb Code     0  daddsub_clz.o(x$fpl$dadd)
    _dadd                                    0x0800679d   Thumb Code   332  daddsub_clz.o(x$fpl$dadd)
    __aeabi_d2iz                             0x080068ed   Thumb Code     0  dfix.o(x$fpl$dfix)
    _dfix                                    0x080068ed   Thumb Code    94  dfix.o(x$fpl$dfix)
    __aeabi_i2d                              0x0800694b   Thumb Code     0  dflt_clz.o(x$fpl$dflt)
    _dflt                                    0x0800694b   Thumb Code    46  dflt_clz.o(x$fpl$dflt)
    __aeabi_dmul                             0x08006979   Thumb Code     0  dmul.o(x$fpl$dmul)
    _dmul                                    0x08006979   Thumb Code   332  dmul.o(x$fpl$dmul)
    __fpl_dnaninf                            0x08006acd   Thumb Code   156  dnaninf.o(x$fpl$dnaninf)
    __fpl_dretinf                            0x08006b69   Thumb Code    12  dretinf.o(x$fpl$dretinf)
    __aeabi_dsub                             0x08006b75   Thumb Code     0  daddsub_clz.o(x$fpl$dsub)
    _dsub                                    0x08006b75   Thumb Code   464  daddsub_clz.o(x$fpl$dsub)
    __aeabi_f2d                              0x08006d49   Thumb Code     0  f2d.o(x$fpl$f2d)
    _f2d                                     0x08006d49   Thumb Code    86  f2d.o(x$fpl$f2d)
    __fpl_fnaninf                            0x08006d9f   Thumb Code   140  fnaninf.o(x$fpl$fnaninf)
    _fp_init                                 0x08006e2b   Thumb Code    10  fpinit.o(x$fpl$fpinit)
    __fplib_config_fpu_vfp                   0x08006e33   Thumb Code     0  fpinit.o(x$fpl$fpinit)
    __fplib_config_pureend_doubles           0x08006e33   Thumb Code     0  fpinit.o(x$fpl$fpinit)
    _printf_fp_dec                           0x08006e35   Thumb Code     4  printf1.o(x$fpl$printf1)
    __I$use$fp                               0x08006e38   Number         0  usenofp.o(x$fpl$usenofp)
    fontTable                                0x08006e38   Data         810  matrixdisplay.o(.constdata)
    Region$$Table$$Base                      0x08007250   Number         0  anon$$obj.o(Region$$Table)
    Region$$Table$$Limit                     0x08007270   Number         0  anon$$obj.o(Region$$Table)
    __ctype                                  0x08007299   Data           0  lc_ctype_c.o(locale$$data)
    hasLeftWall                              0x20000010   Data           4  main.o(.data)
    hasRightWall                             0x20000014   Data           4  main.o(.data)
    hasFrontWallLeft                         0x20000018   Data           4  main.o(.data)
    hasFrontWallRight                        0x2000001c   Data           4  main.o(.data)
    leftMiddleValue                          0x20000020   Data           4  main.o(.data)
    rightMiddleValue                         0x20000024   Data           4  main.o(.data)
    P                                        0x20000028   Data           8  main.o(.data)
    D                                        0x20000030   Data           8  main.o(.data)
    leftBaseSpeed                            0x20000038   Data           4  main.o(.data)
    rightBaseSpeed                           0x2000003c   Data           4  main.o(.data)
    left_enc                                 0x20000040   Data           4  main.o(.data)
    right_enc                                0x20000044   Data           4  main.o(.data)
    cur_angle                                0x20000048   Data           4  main.o(.data)
    forward_left_pwm                         0x2000004c   Data           4  main.o(.data)
    forward_right_pwm                        0x20000050   Data           4  main.o(.data)
    errorP                                   0x20000054   Data           4  main.o(.data)
    errorD                                   0x20000058   Data           4  main.o(.data)
    totalError                               0x20000060   Data           8  main.o(.data)
    oldErrorP                                0x20000068   Data           4  main.o(.data)
    rightEncoderDeltaCell                    0x2000006c   Data           4  main.o(.data)
    leftEncoderDeltaCell                     0x20000070   Data           4  main.o(.data)
    targetLeft                               0x20000074   Data           4  main.o(.data)
    targetRight                              0x20000078   Data           4  main.o(.data)
    turning                                  0x2000007c   Data           4  main.o(.data)
    mouseStarted                             0x20000080   Data           4  main.o(.data)
    visitedStart                             0x20000084   Data           1  main.o(.data)
    heading                                  0x20000085   Data           1  main.o(.data)
    shouldGoForward                          0x20000086   Data           1  main.o(.data)
    shouldGoToCenter                         0x20000087   Data           1  main.o(.data)
    x                                        0x20000088   Data           4  main.o(.data)
    y                                        0x2000008c   Data           4  main.o(.data)
    frontWall                                0x20000090   Data           1  main.o(.data)
    leftWall                                 0x20000091   Data           1  main.o(.data)
    rightWall                                0x20000092   Data           1  main.o(.data)
    Micros                                   0x20000094   Data           4  delay.o(.data)
    Millis                                   0x20000098   Data           4  delay.o(.data)
    __stdout                                 0x2000009c   Data           4  usart.o(.data)
    __stdin                                  0x200000a0   Data           4  usart.o(.data)
    CCR1_Val                                 0x200000a4   Data           2  pwm.o(.data)
    CCR2_Val                                 0x200000a6   Data           2  pwm.o(.data)
    CCR3_Val                                 0x200000a8   Data           2  pwm.o(.data)
    CCR4_Val                                 0x200000aa   Data           2  pwm.o(.data)
    buzzerTime                               0x200000ac   Data           4  buzzer.o(.data)
    reflectionRate                           0x200000b0   Data           4  sensor_function.o(.data)
    volMeter                                 0x200000b4   Data           4  sensor_function.o(.data)
    voltage                                  0x200000b8   Data           4  sensor_function.o(.data)
    LFSensor                                 0x200000bc   Data           4  sensor_function.o(.data)
    RFSensor                                 0x200000c0   Data           4  sensor_function.o(.data)
    DLSensor                                 0x200000c4   Data           4  sensor_function.o(.data)
    DRSensor                                 0x200000c8   Data           4  sensor_function.o(.data)
    Outz                                     0x200000cc   Data           4  sensor_function.o(.data)
    aSpeed                                   0x200000d0   Data           4  sensor_function.o(.data)
    angle                                    0x200000d4   Data           4  sensor_function.o(.data)
    SystemCoreClock                          0x200000d8   Data           4  system_stm32f4xx.o(.data)
    AHBPrescTable                            0x200000dc   Data          16  system_stm32f4xx.o(.data)
    c_array                                  0x200000ec   Data        4096  main.o(.bss)
    vectorH                                  0x200010ec   Data          32  main.o(.bss)
    vectorV                                  0x2000110c   Data          32  main.o(.bss)
    st                                       0x2000112c   Data        4804  main.o(.bss)
    __libspace_start                         0x200023f0   Data          96  libspace.o(.bss)
    __temporary_stack_top$libspace           0x20002450   Data           0  libspace.o(.bss)



==============================================================================

Memory Map of the image

  Image Entry point : 0x08000189

  Load Region LR_IROM1 (Base: 0x08000000, Size: 0x00007488, Max: 0x00100000, ABSOLUTE)

    Execution Region ER_IROM1 (Base: 0x08000000, Size: 0x0000739c, Max: 0x00100000, ABSOLUTE)

    Base Addr    Size         Type   Attr      Idx    E Section Name        Object

    0x08000000   0x00000188   Data   RO          694    RESET               startup_stm32f4xx.o
    0x08000188   0x00000008   Code   RO          785  * !!!main             c_w.l(__main.o)
    0x08000190   0x00000034   Code   RO         1053    !!!scatter          c_w.l(__scatter.o)
    0x080001c4   0x0000001a   Code   RO         1055    !!handler_copy      c_w.l(__scatter_copy.o)
    0x080001de   0x00000002   PAD
    0x080001e0   0x0000001c   Code   RO         1057    !!handler_zi        c_w.l(__scatter_zi.o)
    0x080001fc   0x00000000   Code   RO          770    .ARM.Collect$$_printf_percent$$00000000  c_w.l(_printf_percent.o)
    0x080001fc   0x00000006   Code   RO          769    .ARM.Collect$$_printf_percent$$00000003  c_w.l(_printf_f.o)
    0x08000202   0x00000006   Code   RO          768    .ARM.Collect$$_printf_percent$$00000009  c_w.l(_printf_d.o)
    0x08000208   0x00000006   Code   RO          766    .ARM.Collect$$_printf_percent$$00000013  c_w.l(_printf_c.o)
    0x0800020e   0x00000006   Code   RO          767    .ARM.Collect$$_printf_percent$$00000014  c_w.l(_printf_s.o)
    0x08000214   0x00000004   Code   RO          826    .ARM.Collect$$_printf_percent$$00000017  c_w.l(_printf_percent_end.o)
    0x08000218   0x00000002   Code   RO          926    .ARM.Collect$$libinit$$00000000  c_w.l(libinit.o)
    0x0800021a   0x00000004   Code   RO          927    .ARM.Collect$$libinit$$00000001  c_w.l(libinit2.o)
    0x0800021e   0x00000000   Code   RO          930    .ARM.Collect$$libinit$$00000004  c_w.l(libinit2.o)
    0x0800021e   0x00000000   Code   RO          933    .ARM.Collect$$libinit$$0000000A  c_w.l(libinit2.o)
    0x0800021e   0x00000000   Code   RO          935    .ARM.Collect$$libinit$$0000000C  c_w.l(libinit2.o)
    0x0800021e   0x00000000   Code   RO          937    .ARM.Collect$$libinit$$0000000E  c_w.l(libinit2.o)
    0x0800021e   0x00000006   Code   RO          938    .ARM.Collect$$libinit$$0000000F  c_w.l(libinit2.o)
    0x08000224   0x00000000   Code   RO          940    .ARM.Collect$$libinit$$00000011  c_w.l(libinit2.o)
    0x08000224   0x0000000c   Code   RO          941    .ARM.Collect$$libinit$$00000012  c_w.l(libinit2.o)
    0x08000230   0x00000000   Code   RO          942    .ARM.Collect$$libinit$$00000013  c_w.l(libinit2.o)
    0x08000230   0x00000000   Code   RO          944    .ARM.Collect$$libinit$$00000015  c_w.l(libinit2.o)
    0x08000230   0x0000000a   Code   RO          945    .ARM.Collect$$libinit$$00000016  c_w.l(libinit2.o)
    0x0800023a   0x00000000   Code   RO          946    .ARM.Collect$$libinit$$00000017  c_w.l(libinit2.o)
    0x0800023a   0x00000000   Code   RO          948    .ARM.Collect$$libinit$$00000019  c_w.l(libinit2.o)
    0x0800023a   0x00000000   Code   RO          950    .ARM.Collect$$libinit$$0000001B  c_w.l(libinit2.o)
    0x0800023a   0x00000000   Code   RO          952    .ARM.Collect$$libinit$$0000001D  c_w.l(libinit2.o)
    0x0800023a   0x00000000   Code   RO          954    .ARM.Collect$$libinit$$0000001F  c_w.l(libinit2.o)
    0x0800023a   0x00000000   Code   RO          956    .ARM.Collect$$libinit$$00000021  c_w.l(libinit2.o)
    0x0800023a   0x00000000   Code   RO          958    .ARM.Collect$$libinit$$00000023  c_w.l(libinit2.o)
    0x0800023a   0x00000000   Code   RO          960    .ARM.Collect$$libinit$$00000025  c_w.l(libinit2.o)
    0x0800023a   0x00000000   Code   RO          964    .ARM.Collect$$libinit$$0000002C  c_w.l(libinit2.o)
    0x0800023a   0x00000000   Code   RO          966    .ARM.Collect$$libinit$$0000002E  c_w.l(libinit2.o)
    0x0800023a   0x00000000   Code   RO          968    .ARM.Collect$$libinit$$00000030  c_w.l(libinit2.o)
    0x0800023a   0x00000000   Code   RO          970    .ARM.Collect$$libinit$$00000032  c_w.l(libinit2.o)
    0x0800023a   0x00000002   Code   RO          971    .ARM.Collect$$libinit$$00000033  c_w.l(libinit2.o)
    0x0800023c   0x00000002   Code   RO         1004    .ARM.Collect$$libshutdown$$00000000  c_w.l(libshutdown.o)
    0x0800023e   0x00000000   Code   RO         1014    .ARM.Collect$$libshutdown$$00000003  c_w.l(libshutdown2.o)
    0x0800023e   0x00000000   Code   RO         1017    .ARM.Collect$$libshutdown$$00000006  c_w.l(libshutdown2.o)
    0x0800023e   0x00000000   Code   RO         1020    .ARM.Collect$$libshutdown$$00000009  c_w.l(libshutdown2.o)
    0x0800023e   0x00000000   Code   RO         1022    .ARM.Collect$$libshutdown$$0000000B  c_w.l(libshutdown2.o)
    0x0800023e   0x00000000   Code   RO         1025    .ARM.Collect$$libshutdown$$0000000E  c_w.l(libshutdown2.o)
    0x0800023e   0x00000002   Code   RO         1026    .ARM.Collect$$libshutdown$$0000000F  c_w.l(libshutdown2.o)
    0x08000240   0x00000000   Code   RO          811    .ARM.Collect$$rtentry$$00000000  c_w.l(__rtentry.o)
    0x08000240   0x00000000   Code   RO          841    .ARM.Collect$$rtentry$$00000002  c_w.l(__rtentry2.o)
    0x08000240   0x00000006   Code   RO          853    .ARM.Collect$$rtentry$$00000004  c_w.l(__rtentry4.o)
    0x08000246   0x00000000   Code   RO          843    .ARM.Collect$$rtentry$$00000009  c_w.l(__rtentry2.o)
    0x08000246   0x00000004   Code   RO          844    .ARM.Collect$$rtentry$$0000000A  c_w.l(__rtentry2.o)
    0x0800024a   0x00000000   Code   RO          846    .ARM.Collect$$rtentry$$0000000C  c_w.l(__rtentry2.o)
    0x0800024a   0x00000008   Code   RO          847    .ARM.Collect$$rtentry$$0000000D  c_w.l(__rtentry2.o)
    0x08000252   0x00000002   Code   RO          972    .ARM.Collect$$rtexit$$00000000  c_w.l(rtexit.o)
    0x08000254   0x00000000   Code   RO          981    .ARM.Collect$$rtexit$$00000002  c_w.l(rtexit2.o)
    0x08000254   0x00000004   Code   RO          982    .ARM.Collect$$rtexit$$00000003  c_w.l(rtexit2.o)
    0x08000258   0x00000006   Code   RO          983    .ARM.Collect$$rtexit$$00000004  c_w.l(rtexit2.o)
    0x0800025e   0x00000002   PAD
    0x08000260   0x000000e0   Code   RO            3    .text               misc.o
    0x08000340   0x00000464   Code   RO          130    .text               stm32f4xx_adc.o
    0x080007a4   0x0000011c   Code   RO          170    .text               stm32f4xx_exti.o
    0x080008c0   0x0000025c   Code   RO          210    .text               stm32f4xx_gpio.o
    0x08000b1c   0x00000588   Code   RO          230    .text               stm32f4xx_rcc.o
    0x080010a4   0x000003f8   Code   RO          252    .text               stm32f4xx_spi.o
    0x0800149c   0x0000008c   Code   RO          272    .text               stm32f4xx_syscfg.o
    0x08001528   0x00000ca2   Code   RO          292    .text               stm32f4xx_tim.o
    0x080021ca   0x00000002   PAD
    0x080021cc   0x0000041a   Code   RO          312    .text               stm32f4xx_usart.o
    0x080025e6   0x00000002   PAD
    0x080025e8   0x00001248   Code   RO          332    .text               main.o
    0x08003830   0x0000008c   Code   RO          410    .text               stm32f4xx_it.o
    0x080038bc   0x00000118   Code   RO          433    .text               delay.o
    0x080039d4   0x000000c8   Code   RO          463    .text               led.o
    0x08003a9c   0x000000d4   Code   RO          483    .text               button.o
    0x08003b70   0x000003cc   Code   RO          503    .text               usart.o
    0x08003f3c   0x00000198   Code   RO          530    .text               matrixdisplay.o
    0x080040d4   0x00000164   Code   RO          556    .text               spi.o
    0x08004238   0x000001a0   Code   RO          578    .text               pwm.o
    0x080043d8   0x0000010c   Code   RO          601    .text               buzzer.o
    0x080044e4   0x000000c8   Code   RO          627    .text               encoder.o
    0x080045ac   0x00000104   Code   RO          647    .text               adc.o
    0x080046b0   0x00000390   Code   RO          667    .text               sensor_function.o
    0x08004a40   0x00000040   Code   RO          695    .text               startup_stm32f4xx.o
    0x08004a80   0x000002b4   Code   RO          701    .text               system_stm32f4xx.o
    0x08004d34   0x00000002   Code   RO          728    .text               c_w.l(use_no_semi_2.o)
    0x08004d36   0x00000002   PAD
    0x08004d38   0x00000018   Code   RO          734    .text               c_w.l(noretval__2printf.o)
    0x08004d50   0x00000034   Code   RO          736    .text               c_w.l(noretval__2snprintf.o)
    0x08004d84   0x0000004e   Code   RO          740    .text               c_w.l(_printf_pad.o)
    0x08004dd2   0x00000052   Code   RO          742    .text               c_w.l(_printf_str.o)
    0x08004e24   0x00000078   Code   RO          744    .text               c_w.l(_printf_dec.o)
    0x08004e9c   0x00000138   Code   RO          758    .text               c_w.l(__printf_flags_wp.o)
    0x08004fd4   0x00000020   Code   RO          771    .text               c_w.l(__0scanf.o)
    0x08004ff4   0x0000014c   Code   RO          773    .text               c_w.l(_scanf_int.o)
    0x08005140   0x000000e0   Code   RO          775    .text               c_w.l(_scanf_str.o)
    0x08005220   0x00000010   Code   RO          777    .text               c_w.l(aeabi_memset.o)
    0x08005230   0x00000044   Code   RO          779    .text               c_w.l(rt_memclr.o)
    0x08005274   0x00000080   Code   RO          781    .text               c_w.l(strcmpv7m.o)
    0x080052f4   0x00000006   Code   RO          783    .text               c_w.l(heapauxi.o)
    0x080052fa   0x00000002   Code   RO          809    .text               c_w.l(use_no_semi.o)
    0x080052fc   0x000000b2   Code   RO          812    .text               c_w.l(_printf_intcommon.o)
    0x080053ae   0x0000041a   Code   RO          814    .text               c_w.l(_printf_fp_dec.o)
    0x080057c8   0x00000030   Code   RO          816    .text               c_w.l(_printf_char_common.o)
    0x080057f8   0x0000000a   Code   RO          818    .text               c_w.l(_sputc.o)
    0x08005802   0x00000010   Code   RO          820    .text               c_w.l(_snputc.o)
    0x08005812   0x0000002c   Code   RO          822    .text               c_w.l(_printf_char.o)
    0x0800583e   0x00000002   PAD
    0x08005840   0x00000024   Code   RO          824    .text               c_w.l(_printf_char_file.o)
    0x08005864   0x0000001c   Code   RO          827    .text               c_w.l(_chval.o)
    0x08005880   0x00000018   Code   RO          829    .text               c_w.l(scanf_char_file.o)
    0x08005898   0x0000004e   Code   RO          831    .text               c_w.l(rt_memclr_w.o)
    0x080058e6   0x00000002   PAD
    0x080058e8   0x00000008   Code   RO          858    .text               c_w.l(rt_locale_intlibspace.o)
    0x080058f0   0x0000008a   Code   RO          860    .text               c_w.l(lludiv10.o)
    0x0800597a   0x00000002   PAD
    0x0800597c   0x00000080   Code   RO          862    .text               c_w.l(_printf_fp_infnan.o)
    0x080059fc   0x0000002c   Code   RO          866    .text               c_w.l(scanf_char.o)
    0x08005a28   0x000000dc   Code   RO          868    .text               c_w.l(bigflt0.o)
    0x08005b04   0x00000048   Code   RO          893    .text               c_w.l(backspace.o)
    0x08005b4c   0x00000008   Code   RO          895    .text               c_w.l(ferror.o)
    0x08005b54   0x00000008   Code   RO          908    .text               c_w.l(libspace.o)
    0x08005b5c   0x0000004a   Code   RO          911    .text               c_w.l(sys_stackheap_outer.o)
    0x08005ba6   0x00000012   Code   RO          913    .text               c_w.l(isspace.o)
    0x08005bb8   0x00000374   Code   RO          915    .text               c_w.l(_scanf.o)
    0x08005f2c   0x00000048   Code   RO          917    .text               c_w.l(ungetc.o)
    0x08005f74   0x0000000c   Code   RO          919    .text               c_w.l(exit.o)
    0x08005f80   0x00000010   Code   RO          974    .text               c_w.l(rt_ctype_table.o)
    0x08005f90   0x0000003e   Code   RO          871    CL$$btod_d2e        c_w.l(btod.o)
    0x08005fce   0x00000046   Code   RO          873    CL$$btod_d2e_denorm_low  c_w.l(btod.o)
    0x08006014   0x00000060   Code   RO          872    CL$$btod_d2e_norm_op1  c_w.l(btod.o)
    0x08006074   0x00000338   Code   RO          881    CL$$btod_div_common  c_w.l(btod.o)
    0x080063ac   0x000000c6   Code   RO          878    CL$$btod_e2e        c_w.l(btod.o)
    0x08006472   0x00000028   Code   RO          875    CL$$btod_ediv       c_w.l(btod.o)
    0x0800649a   0x00000028   Code   RO          874    CL$$btod_emul       c_w.l(btod.o)
    0x080064c2   0x00000244   Code   RO          880    CL$$btod_mult_common  c_w.l(btod.o)
    0x08006706   0x00000030   Code   RO          906    i.__ARM_fpclassify  m_wm.l(fpclassify.o)
    0x08006736   0x0000000e   Code   RO          756    i._is_digit         c_w.l(__printf_wp.o)
    0x08006744   0x0000002c   Code   RO          902    locale$$code        c_w.l(lc_numeric_c.o)
    0x08006770   0x0000002c   Code   RO          988    locale$$code        c_w.l(lc_ctype_c.o)
    0x0800679c   0x00000150   Code   RO          787    x$fpl$dadd          fz_wm.l(daddsub_clz.o)
    0x080068ec   0x0000005e   Code   RO          793    x$fpl$dfix          fz_wm.l(dfix.o)
    0x0800694a   0x0000002e   Code   RO          798    x$fpl$dflt          fz_wm.l(dflt_clz.o)
    0x08006978   0x00000154   Code   RO          803    x$fpl$dmul          fz_wm.l(dmul.o)
    0x08006acc   0x0000009c   Code   RO          833    x$fpl$dnaninf       fz_wm.l(dnaninf.o)
    0x08006b68   0x0000000c   Code   RO          835    x$fpl$dretinf       fz_wm.l(dretinf.o)
    0x08006b74   0x000001d4   Code   RO          789    x$fpl$dsub          fz_wm.l(daddsub_clz.o)
    0x08006d48   0x00000056   Code   RO          805    x$fpl$f2d           fz_wm.l(f2d.o)
    0x08006d9e   0x0000008c   Code   RO          837    x$fpl$fnaninf       fz_wm.l(fnaninf.o)
    0x08006e2a   0x0000000a   Code   RO          978    x$fpl$fpinit        fz_wm.l(fpinit.o)
    0x08006e34   0x00000004   Code   RO          807    x$fpl$printf1       fz_wm.l(printf1.o)
    0x08006e38   0x00000000   Code   RO          839    x$fpl$usenofp       fz_wm.l(usenofp.o)
    0x08006e38   0x0000032a   Data   RO          531    .constdata          matrixdisplay.o
    0x08007162   0x00000011   Data   RO          759    .constdata          c_w.l(__printf_flags_wp.o)
    0x08007173   0x00000001   PAD
    0x08007174   0x00000094   Data   RO          869    .constdata          c_w.l(bigflt0.o)
    0x08007208   0x00000048   Data   RO          335    .conststring        main.o
    0x08007250   0x00000020   Data   RO         1051    Region$$Table       anon$$obj.o
    0x08007270   0x0000001c   Data   RO          901    locale$$data        c_w.l(lc_numeric_c.o)
    0x0800728c   0x00000110   Data   RO          987    locale$$data        c_w.l(lc_ctype_c.o)


    Execution Region RW_IRAM1 (Base: 0x20000000, Size: 0x00002a50, Max: 0x00020000, ABSOLUTE)

    Base Addr    Size         Type   Attr      Idx    E Section Name        Object

    0x20000000   0x00000010   Data   RW          231    .data               stm32f4xx_rcc.o
    0x20000010   0x00000083   Data   RW          336    .data               main.o
    0x20000093   0x00000001   PAD
    0x20000094   0x00000008   Data   RW          434    .data               delay.o
    0x2000009c   0x00000008   Data   RW          504    .data               usart.o
    0x200000a4   0x00000008   Data   RW          579    .data               pwm.o
    0x200000ac   0x00000004   Data   RW          602    .data               buzzer.o
    0x200000b0   0x00000028   Data   RW          669    .data               sensor_function.o
    0x200000d8   0x00000014   Data   RW          703    .data               system_stm32f4xx.o
    0x200000ec   0x00002304   Zero   RW          333    .bss                main.o
    0x200023f0   0x00000060   Zero   RW          909    .bss                c_w.l(libspace.o)
    0x20002450   0x00000200   Zero   RW          693    HEAP                startup_stm32f4xx.o
    0x20002650   0x00000400   Zero   RW          692    STACK               startup_stm32f4xx.o


==============================================================================

Image component sizes


      Code (inc. data)   RO Data    RW Data    ZI Data      Debug   Object Name

       260         18          0          0          0       1349   adc.o
       212          8          0          0          0        783   button.o
       268         16          0          4          0       1439   buzzer.o
       280         22          0          8          0      29065   delay.o
       200         12          0          0          0       1289   encoder.o
       200         18          0          0          0        644   led.o
      4680        358         72        131       8964      13110   main.o
       408         42        810          0          0       2499   matrixdisplay.o
       224         20          0          0          0     284833   misc.o
       416         28          0          8          0       1803   pwm.o
       912         68          0         40          0       1851   sensor_function.o
       356         12          0          0          0        969   spi.o
        64         26        392          0       1536        912   startup_stm32f4xx.o
      1124         24          0          0          0      10570   stm32f4xx_adc.o
       284         10          0          0          0       2371   stm32f4xx_exti.o
       604         36          0          0          0       4133   stm32f4xx_gpio.o
       140         14          0          0          0       1706   stm32f4xx_it.o
      1416         48          0         16          0      11047   stm32f4xx_rcc.o
      1016         22          0          0          0       6853   stm32f4xx_spi.o
       140         12          0          0          0       1715   stm32f4xx_syscfg.o
      3234         60          0          0          0      22372   stm32f4xx_tim.o
      1050         26          0          0          0       7848   stm32f4xx_usart.o
       692         44          0         20          0       2117   system_stm32f4xx.o
       972        284          0          8          0       4857   usart.o

    ----------------------------------------------------------------------
     19156       1228       1306        236      10500     416135   Object Totals
         0          0         32          0          0          0   (incl. Generated)
         4          0          0          1          0          0   (incl. Padding)

    ----------------------------------------------------------------------

      Code (inc. data)   RO Data    RW Data    ZI Data      Debug   Library Member Name

        32          6          0          0          0         84   __0scanf.o
         8          0          0          0          0         68   __main.o
       312          4         17          0          0         92   __printf_flags_wp.o
        14          0          0          0          0         68   __printf_wp.o
         0          0          0          0          0          0   __rtentry.o
        12          0          0          0          0          0   __rtentry2.o
         6          0          0          0          0          0   __rtentry4.o
        52          8          0          0          0          0   __scatter.o
        26          0          0          0          0          0   __scatter_copy.o
        28          0          0          0          0          0   __scatter_zi.o
        28          0          0          0          0         68   _chval.o
         6          0          0          0          0          0   _printf_c.o
        44          0          0          0          0        108   _printf_char.o
        48          6          0          0          0         96   _printf_char_common.o
        36          4          0          0          0         80   _printf_char_file.o
         6          0          0          0          0          0   _printf_d.o
       120         16          0          0          0         92   _printf_dec.o
         6          0          0          0          0          0   _printf_f.o
      1050          0          0          0          0        216   _printf_fp_dec.o
       128         16          0          0          0         84   _printf_fp_infnan.o
       178          0          0          0          0         88   _printf_intcommon.o
        78          0          0          0          0        108   _printf_pad.o
         0          0          0          0          0          0   _printf_percent.o
         4          0          0          0          0          0   _printf_percent_end.o
         6          0          0          0          0          0   _printf_s.o
        82          0          0          0          0         80   _printf_str.o
       884          6          0          0          0        100   _scanf.o
       332          0          0          0          0         96   _scanf_int.o
       224          0          0          0          0         96   _scanf_str.o
        16          0          0          0          0         68   _snputc.o
        10          0          0          0          0         68   _sputc.o
        16          0          0          0          0         68   aeabi_memset.o
        72          0          0          0          0         92   backspace.o
       220          4        148          0          0         96   bigflt0.o
      1910        128          0          0          0        672   btod.o
        12          0          0          0          0         72   exit.o
         8          0          0          0          0         68   ferror.o
         6          0          0          0          0        152   heapauxi.o
        18          0          0          0          0         76   isspace.o
        44         10        272          0          0         76   lc_ctype_c.o
        44         10         28          0          0         76   lc_numeric_c.o
         2          0          0          0          0          0   libinit.o
        34          0          0          0          0          0   libinit2.o
         2          0          0          0          0          0   libshutdown.o
         2          0          0          0          0          0   libshutdown2.o
         8          4          0          0         96         68   libspace.o
       138          0          0          0          0         80   lludiv10.o
        24          4          0          0          0         84   noretval__2printf.o
        52          4          0          0          0         84   noretval__2snprintf.o
        16          4          0          0          0         76   rt_ctype_table.o
         8          4          0          0          0         68   rt_locale_intlibspace.o
        68          0          0          0          0         68   rt_memclr.o
        78          0          0          0          0         80   rt_memclr_w.o
         2          0          0          0          0          0   rtexit.o
        10          0          0          0          0          0   rtexit2.o
        44          8          0          0          0         84   scanf_char.o
        24          8          0          0          0         68   scanf_char_file.o
       128          0          0          0          0         68   strcmpv7m.o
        74          0          0          0          0         80   sys_stackheap_outer.o
        72         12          0          0          0         68   ungetc.o
         2          0          0          0          0         68   use_no_semi.o
         2          0          0          0          0         68   use_no_semi_2.o
       804         16          0          0          0        368   daddsub_clz.o
        94          4          0          0          0        140   dfix.o
        46          0          0          0          0        116   dflt_clz.o
       340         12          0          0          0        152   dmul.o
       156          4          0          0          0        140   dnaninf.o
        12          0          0          0          0        116   dretinf.o
        86          4          0          0          0        132   f2d.o
       140          4          0          0          0        132   fnaninf.o
        10          0          0          0          0        116   fpinit.o
         4          0          0          0          0        116   printf1.o
         0          0          0          0          0          0   usenofp.o
        48          0          0          0          0        124   fpclassify.o

    ----------------------------------------------------------------------
      8668        310        466          0         96       5972   Library Totals
        12          0          1          0          0          0   (incl. Padding)

    ----------------------------------------------------------------------

      Code (inc. data)   RO Data    RW Data    ZI Data      Debug   Library Name

      6916        266        465          0         96       4320   c_w.l
      1692         44          0          0          0       1528   fz_wm.l
        48          0          0          0          0        124   m_wm.l

    ----------------------------------------------------------------------
      8668        310        466          0         96       5972   Library Totals

    ----------------------------------------------------------------------

==============================================================================


      Code (inc. data)   RO Data    RW Data    ZI Data      Debug   

     27824       1538       1772        236      10596     412911   Grand Totals
     27824       1538       1772        236      10596     412911   ELF Image Totals
     27824       1538       1772        236          0          0   ROM Totals

==============================================================================

    Total RO  Size (Code + RO Data)                29596 (  28.90kB)
    Total RW  Size (RW Data + ZI Data)             10832 (  10.58kB)
    Total ROM Size (Code + RO Data + RW Data)      29832 (  29.13kB)

==============================================================================

