<html>
<body>
<pre>
<h1>µVision Build Log</h1>
<h2>Tool Versions:</h2>
IDE-Version: µVision V5.14.0.0
Copyright (C) 2015 ARM Ltd and ARM Germany GmbH. All rights reserved.
License Information: IEEE UCLA, UCLA, LIC=----
 
Tool Versions:
Toolchain:       MDK-Lite  Version: 5.14.0.0
Toolchain Path:  C:\Keil_v5\ARM\ARMCC\Bin
C Compiler:      Armcc.exe V5.05 update 1 (build 106)
Assembler:       Armasm.exe V5.05 update 1 (build 106)
Linker/Locator:  ArmLink.exe V5.05 update 1 (build 106)
Library Manager: ArmAr.exe V5.05 update 1 (build 106)
Hex Converter:   FromElf.exe V5.05 update 1 (build 106)
CPU DLL:         SARMCM3.DLL V5.14.0.0
Dialog DLL:      DCM.DLL V1.13.1.0
Target DLL:      STLink\ST-LINKIII-KEIL_SWO.dll V2.0.14.0_KEIL
Dialog DLL:      TCM.DLL V1.14.4.0
 
<h2>Project:</h2>
C:\Users\admin\Documents\Micromoose\Micromoose\FuturaProject\project\micromouse_test.uvproj
Project File Date:  05/04/2015

<h2>Output:</h2>
Rebuild target 'Target 1'
compiling misc.c...
compiling stm32f4xx_adc.c...
compiling stm32f4xx_dma.c...
compiling stm32f4xx_exti.c...
compiling stm32f4xx_flash.c...
compiling stm32f4xx_gpio.c...
compiling stm32f4xx_rcc.c...
compiling stm32f4xx_spi.c...
compiling stm32f4xx_syscfg.c...
compiling stm32f4xx_tim.c...
compiling stm32f4xx_usart.c...
compiling main.c...
compiling stm32f4xx_it.c...
compiling delay.c...
compiling led.c...
compiling button.c...
compiling usart.c...
compiling matrixDisplay.c...
compiling SPI.c...
compiling pwm.c...
compiling buzzer.c...
compiling encoder.c...
compiling adc.c...
compiling sensor_Function.c...
assembling startup_stm32f4xx.s...
compiling system_stm32f4xx.c...
linking...
Program Size: Code=24720 RO-data=1700 RW-data=216 ZI-data=1632  
FromELF: creating hex file...
"..\obj\micromouse_test.axf" - 0 Error(s), 0 Warning(s).
</pre>
</body>
</html>
